23.95.35.93 - - [12/Apr/2015:06:51:09 +0200] "POST /xmlrpc.php HTTP/1.0" 403 497 "-" "Mozilla/5.0 (compatible; Googlebot/2.1;  http://www.google.com/bot.html)"
192.3.91.67 - - [12/Apr/2015:06:51:10 +0200] "POST /xmlrpc.php HTTP/1.0" 403 497 "-" "Mozilla/5.0 (compatible; Googlebot/2.1;  http://www.google.com/bot.html)"
23.95.35.93 - - [12/Apr/2015:06:51:10 +0200] "POST /xmlrpc.php HTTP/1.0" 403 497 "-" "Mozilla/5.0 (compatible; Googlebot/2.1;  http://www.google.com/bot.html)"
192.3.91.67 - - [12/Apr/2015:06:51:10 +0200] "POST /xmlrpc.php HTTP/1.0" 403 497 "-" "Mozilla/5.0 (compatible; Googlebot/2.1;  http://www.google.com/bot.html)"
23.95.35.93 - - [12/Apr/2015:06:51:10 +0200] "POST /xmlrpc.php HTTP/1.0" 403 497 "-" "Mozilla/5.0 (compatible; Googlebot/2.1;  http://www.google.com/bot.html)"
192.3.91.67 - - [12/Apr/2015:06:51:10 +0200] "POST /xmlrpc.php HTTP/1.0" 403 497 "-" "Mozilla/5.0 (compatible; Googlebot/2.1;  http://www.google.com/bot.html)"
23.95.35.93 - - [12/Apr/2015:06:51:10 +0200] "POST /xmlrpc.php HTTP/1.0" 403 497 "-" "Mozilla/5.0 (compatible; Googlebot/2.1;  http://www.google.com/bot.html)"
192.3.91.67 - - [12/Apr/2015:06:51:10 +0200] "POST /xmlrpc.php HTTP/1.0" 403 497 "-" "Mozilla/5.0 (compatible; Googlebot/2.1;  http://www.google.com/bot.html)"
23.95.35.93 - - [12/Apr/2015:06:51:10 +0200] "POST /xmlrpc.php HTTP/1.0" 403 497 "-" "Mozilla/5.0 (compatible; Googlebot/2.1;  http://www.google.com/bot.html)"
192.3.91.67 - - [12/Apr/2015:06:51:10 +0200] "POST /xmlrpc.php HTTP/1.0" 403 497 "-" "Mozilla/5.0 (compatible; Googlebot/2.1;  http://www.google.com/bot.html)"
23.95.35.93 - - [12/Apr/2015:06:51:12 +0200] "POST /xmlrpc.php HTTP/1.0" 403 497 "-" "Mozilla/5.0 (compatible; Googlebot/2.1;  http://www.google.com/bot.html)"
23.95.35.93 - - [12/Apr/2015:06:51:12 +0200] "POST /xmlrpc.php HTTP/1.0" 403 497 "-" "Mozilla/5.0 (compatible; Googlebot/2.1;  http://www.google.com/bot.html)"
23.95.35.93 - - [12/Apr/2015:06:51:12 +0200] "POST /xmlrpc.php HTTP/1.0" 403 497 "-" "Mozilla/5.0 (compatible; Googlebot/2.1;  http://www.google.com/bot.html)"
23.95.35.93 - - [12/Apr/2015:06:51:12 +0200] "POST /xmlrpc.php HTTP/1.0" 403 497 "-" "Mozilla/5.0 (compatible; Googlebot/2.1;  http://www.google.com/bot.html)"
157.55.39.141 - - [12/Apr/2015:06:51:11 +0200] "GET /%7Eczajewsw/forum/viewtopic.php?p=3445 HTTP/1.1" 200 13676 "-" "Mozilla/5.0 (compatible; bingbot/2.0; +http://www.bing.com/bingbot.htm)"
192.3.91.67 - - [12/Apr/2015:06:51:14 +0200] "POST /xmlrpc.php HTTP/1.0" 403 497 "-" "Mozilla/5.0 (compatible; Googlebot/2.1;  http://www.google.com/bot.html)"
23.95.35.79 - - [12/Apr/2015:06:51:14 +0200] "POST /xmlrpc.php HTTP/1.0" 403 497 "-" "Mozilla/5.0 (compatible; Googlebot/2.1;  http://www.google.com/bot.html)"
192.3.91.67 - - [12/Apr/2015:06:51:14 +0200] "POST /xmlrpc.php HTTP/1.0" 403 497 "-" "Mozilla/5.0 (compatible; Googlebot/2.1;  http://www.google.com/bot.html)"
23.95.35.79 - - [12/Apr/2015:06:51:14 +0200] "POST /xmlrpc.php HTTP/1.0" 403 497 "-" "Mozilla/5.0 (compatible; Googlebot/2.1;  http://www.google.com/bot.html)"
192.3.91.67 - - [12/Apr/2015:06:51:14 +0200] "POST /xmlrpc.php HTTP/1.0" 403 497 "-" "Mozilla/5.0 (compatible; Googlebot/2.1;  http://www.google.com/bot.html)"
192.3.91.67 - - [12/Apr/2015:06:51:14 +0200] "POST /xmlrpc.php HTTP/1.0" 403 497 "-" "Mozilla/5.0 (compatible; Googlebot/2.1;  http://www.google.com/bot.html)"
192.3.91.67 - - [12/Apr/2015:06:51:14 +0200] "POST /xmlrpc.php HTTP/1.0" 403 497 "-" "Mozilla/5.0 (compatible; Googlebot/2.1;  http://www.google.com/bot.html)"
192.3.91.67 - - [12/Apr/2015:06:51:15 +0200] "POST /xmlrpc.php HTTP/1.0" 403 497 "-" "Mozilla/5.0 (compatible; Googlebot/2.1;  http://www.google.com/bot.html)"
157.55.39.141 - - [12/Apr/2015:06:51:13 +0200] "GET /%7Eczajewsw/forum/viewtopic.php?p=269 HTTP/1.1" 200 8722 "-" "Mozilla/5.0 (compatible; bingbot/2.0; +http://www.bing.com/bingbot.htm)"
192.3.91.67 - - [12/Apr/2015:06:51:15 +0200] "POST /xmlrpc.php HTTP/1.0" 403 497 "-" "Mozilla/5.0 (compatible; Googlebot/2.1;  http://www.google.com/bot.html)"
23.95.35.79 - - [12/Apr/2015:06:51:15 +0200] "POST /xmlrpc.php HTTP/1.0" 403 497 "-" "Mozilla/5.0 (compatible; Googlebot/2.1;  http://www.google.com/bot.html)"
23.95.35.79 - - [12/Apr/2015:06:51:15 +0200] "POST /xmlrpc.php HTTP/1.0" 403 497 "-" "Mozilla/5.0 (compatible; Googlebot/2.1;  http://www.google.com/bot.html)"
23.95.35.79 - - [12/Apr/2015:06:51:16 +0200] "POST /xmlrpc.php HTTP/1.0" 403 497 "-" "Mozilla/5.0 (compatible; Googlebot/2.1;  http://www.google.com/bot.html)"
23.95.35.79 - - [12/Apr/2015:06:51:16 +0200] "POST /xmlrpc.php HTTP/1.0" 403 497 "-" "Mozilla/5.0 (compatible; Googlebot/2.1;  http://www.google.com/bot.html)"
23.95.35.79 - - [12/Apr/2015:06:51:16 +0200] "POST /xmlrpc.php HTTP/1.0" 403 497 "-" "Mozilla/5.0 (compatible; Googlebot/2.1;  http://www.google.com/bot.html)"
23.95.35.79 - - [12/Apr/2015:06:51:16 +0200] "POST /xmlrpc.php HTTP/1.0" 403 497 "-" "Mozilla/5.0 (compatible; Googlebot/2.1;  http://www.google.com/bot.html)"
23.95.35.79 - - [12/Apr/2015:06:51:16 +0200] "POST /xmlrpc.php HTTP/1.0" 403 497 "-" "Mozilla/5.0 (compatible; Googlebot/2.1;  http://www.google.com/bot.html)"
157.55.39.198 - - [12/Apr/2015:06:51:16 +0200] "GET /~czajewsw/forum/posting.php?mode=quote&p=1824 HTTP/1.1" 302 689 "-" "Mozilla/5.0 (compatible; bingbot/2.0; +http://www.bing.com/bingbot.htm)"
89.231.96.70 - - [12/Apr/2015:06:51:17 +0200] "GET /text/174 HTTP/1.0" 302 553 "-" "Watcher/0.56 (SH; Linux x86_64; rv: 0.56 wersja prebeta :-) )"
23.95.35.79 - - [12/Apr/2015:06:51:20 +0200] "POST /xmlrpc.php HTTP/1.0" 403 497 "-" "Mozilla/5.0 (compatible; Googlebot/2.1;  http://www.google.com/bot.html)"
23.95.35.79 - - [12/Apr/2015:06:51:20 +0200] "POST /xmlrpc.php HTTP/1.0" 403 497 "-" "Mozilla/5.0 (compatible; Googlebot/2.1;  http://www.google.com/bot.html)"
23.95.35.79 - - [12/Apr/2015:06:51:20 +0200] "POST /xmlrpc.php HTTP/1.0" 403 497 "-" "Mozilla/5.0 (compatible; Googlebot/2.1;  http://www.google.com/bot.html)"
23.95.35.79 - - [12/Apr/2015:06:51:20 +0200] "POST /xmlrpc.php HTTP/1.0" 403 497 "-" "Mozilla/5.0 (compatible; Googlebot/2.1;  http://www.google.com/bot.html)"
23.95.35.79 - - [12/Apr/2015:06:51:20 +0200] "POST /xmlrpc.php HTTP/1.0" 403 497 "-" "Mozilla/5.0 (compatible; Googlebot/2.1;  http://www.google.com/bot.html)"
23.95.35.79 - - [12/Apr/2015:06:51:21 +0200] "POST /xmlrpc.php HTTP/1.0" 403 497 "-" "Mozilla/5.0 (compatible; Googlebot/2.1;  http://www.google.com/bot.html)"
192.3.91.67 - - [12/Apr/2015:06:51:22 +0200] "POST /xmlrpc.php HTTP/1.0" 403 497 "-" "Mozilla/5.0 (compatible; Googlebot/2.1;  http://www.google.com/bot.html)"
192.3.91.67 - - [12/Apr/2015:06:51:22 +0200] "POST /xmlrpc.php HTTP/1.0" 403 497 "-" "Mozilla/5.0 (compatible; Googlebot/2.1;  http://www.google.com/bot.html)"
23.95.35.93 - - [12/Apr/2015:06:51:22 +0200] "POST /xmlrpc.php HTTP/1.0" 403 497 "-" "Mozilla/5.0 (compatible; Googlebot/2.1;  http://www.google.com/bot.html)"
192.3.91.67 - - [12/Apr/2015:06:51:22 +0200] "POST /xmlrpc.php HTTP/1.0" 403 497 "-" "Mozilla/5.0 (compatible; Googlebot/2.1;  http://www.google.com/bot.html)"
192.3.91.67 - - [12/Apr/2015:06:51:23 +0200] "POST /xmlrpc.php HTTP/1.0" 403 497 "-" "Mozilla/5.0 (compatible; Googlebot/2.1;  http://www.google.com/bot.html)"
192.3.91.67 - - [12/Apr/2015:06:51:23 +0200] "POST /xmlrpc.php HTTP/1.0" 403 497 "-" "Mozilla/5.0 (compatible; Googlebot/2.1;  http://www.google.com/bot.html)"
192.3.91.67 - - [12/Apr/2015:06:51:23 +0200] "POST /xmlrpc.php HTTP/1.0" 403 497 "-" "Mozilla/5.0 (compatible; Googlebot/2.1;  http://www.google.com/bot.html)"
23.95.35.93 - - [12/Apr/2015:06:51:24 +0200] "POST /xmlrpc.php HTTP/1.0" 403 497 "-" "Mozilla/5.0 (compatible; Googlebot/2.1;  http://www.google.com/bot.html)"
23.95.35.93 - - [12/Apr/2015:06:51:27 +0200] "POST /xmlrpc.php HTTP/1.0" 403 497 "-" "Mozilla/5.0 (compatible; Googlebot/2.1;  http://www.google.com/bot.html)"
23.95.35.93 - - [12/Apr/2015:06:51:27 +0200] "POST /xmlrpc.php HTTP/1.0" 403 497 "-" "Mozilla/5.0 (compatible; Googlebot/2.1;  http://www.google.com/bot.html)"
23.95.35.93 - - [12/Apr/2015:06:51:27 +0200] "POST /xmlrpc.php HTTP/1.0" 403 497 "-" "Mozilla/5.0 (compatible; Googlebot/2.1;  http://www.google.com/bot.html)"
23.95.35.93 - - [12/Apr/2015:06:51:28 +0200] "POST /xmlrpc.php HTTP/1.0" 403 497 "-" "Mozilla/5.0 (compatible; Googlebot/2.1;  http://www.google.com/bot.html)"
23.95.35.93 - - [12/Apr/2015:06:51:28 +0200] "POST /xmlrpc.php HTTP/1.0" 403 497 "-" "Mozilla/5.0 (compatible; Googlebot/2.1;  http://www.google.com/bot.html)"
162.144.87.81 - - [12/Apr/2015:06:51:28 +0200] "HEAD / HTTP/1.0" 302 317 "-" "-"
23.95.35.93 - - [12/Apr/2015:06:51:29 +0200] "POST /xmlrpc.php HTTP/1.0" 403 497 "-" "Mozilla/5.0 (compatible; Googlebot/2.1;  http://www.google.com/bot.html)"
23.95.35.93 - - [12/Apr/2015:06:51:29 +0200] "POST /xmlrpc.php HTTP/1.0" 403 497 "-" "Mozilla/5.0 (compatible; Googlebot/2.1;  http://www.google.com/bot.html)"
23.95.35.93 - - [12/Apr/2015:06:51:29 +0200] "POST /xmlrpc.php HTTP/1.0" 403 497 "-" "Mozilla/5.0 (compatible; Googlebot/2.1;  http://www.google.com/bot.html)"
23.95.35.93 - - [12/Apr/2015:06:51:30 +0200] "POST /xmlrpc.php HTTP/1.0" 403 497 "-" "Mozilla/5.0 (compatible; Googlebot/2.1;  http://www.google.com/bot.html)"
23.95.35.93 - - [12/Apr/2015:06:51:30 +0200] "POST /xmlrpc.php HTTP/1.0" 403 497 "-" "Mozilla/5.0 (compatible; Googlebot/2.1;  http://www.google.com/bot.html)"
23.95.35.93 - - [12/Apr/2015:06:51:30 +0200] "POST /xmlrpc.php HTTP/1.0" 403 497 "-" "Mozilla/5.0 (compatible; Googlebot/2.1;  http://www.google.com/bot.html)"
23.95.35.79 - - [12/Apr/2015:06:51:32 +0200] "POST /xmlrpc.php HTTP/1.0" 403 497 "-" "Mozilla/5.0 (compatible; Googlebot/2.1;  http://www.google.com/bot.html)"
192.3.91.67 - - [12/Apr/2015:06:51:33 +0200] "POST /xmlrpc.php HTTP/1.0" 403 497 "-" "Mozilla/5.0 (compatible; Googlebot/2.1;  http://www.google.com/bot.html)"
192.3.91.67 - - [12/Apr/2015:06:51:33 +0200] "POST /xmlrpc.php HTTP/1.0" 403 497 "-" "Mozilla/5.0 (compatible; Googlebot/2.1;  http://www.google.com/bot.html)"
220.181.108.96 - - [12/Apr/2015:06:51:35 +0200] "GET / HTTP/1.1" 200 11256 "-" "Mozilla/5.0 (Windows NT 5.1; rv:6.0.2) Gecko/20100101 Firefox/6.0.2"
192.3.91.67 - - [12/Apr/2015:06:51:37 +0200] "POST /xmlrpc.php HTTP/1.0" 403 497 "-" "Mozilla/5.0 (compatible; Googlebot/2.1;  http://www.google.com/bot.html)"
192.3.91.67 - - [12/Apr/2015:06:51:37 +0200] "POST /xmlrpc.php HTTP/1.0" 403 497 "-" "Mozilla/5.0 (compatible; Googlebot/2.1;  http://www.google.com/bot.html)"
192.3.91.67 - - [12/Apr/2015:06:51:37 +0200] "POST /xmlrpc.php HTTP/1.0" 403 497 "-" "Mozilla/5.0 (compatible; Googlebot/2.1;  http://www.google.com/bot.html)"
192.3.91.67 - - [12/Apr/2015:06:51:40 +0200] "POST /xmlrpc.php HTTP/1.0" 403 497 "-" "Mozilla/5.0 (compatible; Googlebot/2.1;  http://www.google.com/bot.html)"
23.95.35.93 - - [12/Apr/2015:06:51:40 +0200] "POST /xmlrpc.php HTTP/1.0" 403 497 "-" "Mozilla/5.0 (compatible; Googlebot/2.1;  http://www.google.com/bot.html)"
192.3.91.67 - - [12/Apr/2015:06:51:40 +0200] "POST /xmlrpc.php HTTP/1.0" 403 497 "-" "Mozilla/5.0 (compatible; Googlebot/2.1;  http://www.google.com/bot.html)"
23.95.35.93 - - [12/Apr/2015:06:51:41 +0200] "POST /xmlrpc.php HTTP/1.0" 403 497 "-" "Mozilla/5.0 (compatible; Googlebot/2.1;  http://www.google.com/bot.html)"
23.95.35.93 - - [12/Apr/2015:06:51:41 +0200] "POST /xmlrpc.php HTTP/1.0" 403 497 "-" "Mozilla/5.0 (compatible; Googlebot/2.1;  http://www.google.com/bot.html)"
23.95.35.79 - - [12/Apr/2015:06:51:42 +0200] "POST /xmlrpc.php HTTP/1.0" 403 497 "-" "Mozilla/5.0 (compatible; Googlebot/2.1;  http://www.google.com/bot.html)"
23.95.35.79 - - [12/Apr/2015:06:51:42 +0200] "POST /xmlrpc.php HTTP/1.0" 403 497 "-" "Mozilla/5.0 (compatible; Googlebot/2.1;  http://www.google.com/bot.html)"
192.3.91.67 - - [12/Apr/2015:06:51:44 +0200] "POST /xmlrpc.php HTTP/1.0" 403 497 "-" "Mozilla/5.0 (compatible; Googlebot/2.1;  http://www.google.com/bot.html)"
192.3.91.67 - - [12/Apr/2015:06:51:44 +0200] "POST /xmlrpc.php HTTP/1.0" 403 497 "-" "Mozilla/5.0 (compatible; Googlebot/2.1;  http://www.google.com/bot.html)"
23.95.35.93 - - [12/Apr/2015:06:51:44 +0200] "POST /xmlrpc.php HTTP/1.0" 403 497 "-" "Mozilla/5.0 (compatible; Googlebot/2.1;  http://www.google.com/bot.html)"
192.3.91.67 - - [12/Apr/2015:06:51:44 +0200] "POST /xmlrpc.php HTTP/1.0" 403 497 "-" "Mozilla/5.0 (compatible; Googlebot/2.1;  http://www.google.com/bot.html)"
23.95.35.93 - - [12/Apr/2015:06:51:44 +0200] "POST /xmlrpc.php HTTP/1.0" 403 497 "-" "Mozilla/5.0 (compatible; Googlebot/2.1;  http://www.google.com/bot.html)"
192.3.91.67 - - [12/Apr/2015:06:51:44 +0200] "POST /xmlrpc.php HTTP/1.0" 403 497 "-" "Mozilla/5.0 (compatible; Googlebot/2.1;  http://www.google.com/bot.html)"
192.3.91.67 - - [12/Apr/2015:06:51:44 +0200] "POST /xmlrpc.php HTTP/1.0" 403 497 "-" "Mozilla/5.0 (compatible; Googlebot/2.1;  http://www.google.com/bot.html)"
192.3.91.67 - - [12/Apr/2015:06:51:45 +0200] "POST /xmlrpc.php HTTP/1.0" 403 497 "-" "Mozilla/5.0 (compatible; Googlebot/2.1;  http://www.google.com/bot.html)"
192.3.91.67 - - [12/Apr/2015:06:51:45 +0200] "POST /xmlrpc.php HTTP/1.0" 403 497 "-" "Mozilla/5.0 (compatible; Googlebot/2.1;  http://www.google.com/bot.html)"
192.3.91.67 - - [12/Apr/2015:06:51:45 +0200] "POST /xmlrpc.php HTTP/1.0" 403 497 "-" "Mozilla/5.0 (compatible; Googlebot/2.1;  http://www.google.com/bot.html)"
157.55.39.141 - - [12/Apr/2015:06:51:46 +0200] "GET /%7Eczajewsw/forum/viewtopic.php?p=3769 HTTP/1.1" 200 10046 "-" "Mozilla/5.0 (compatible; bingbot/2.0; +http://www.bing.com/bingbot.htm)"
89.231.96.70 - - [12/Apr/2015:06:51:48 +0200] "GET / HTTP/1.0" 200 48677 "-" "Watcher/0.56 (SH; Linux x86_64; rv: 0.56 wersja prebeta :-) )"
66.249.78.89 - - [12/Apr/2015:06:51:49 +0200] "GET /search/plwww.bk.pw.edu.pl/szukaj/en/polityka-prywatnosci/polityka-prywatnosci/page/5/ HTTP/1.1" 200 9542 "-" "Mozilla/5.0 (compatible; Googlebot/2.1; +http://www.google.com/bot.html)"
23.95.35.93 - - [12/Apr/2015:06:51:51 +0200] "-" 408 0 "-" "-"
23.95.35.79 - - [12/Apr/2015:06:51:53 +0200] "POST /xmlrpc.php HTTP/1.0" 403 497 "-" "Mozilla/5.0 (compatible; Googlebot/2.1;  http://www.google.com/bot.html)"
23.95.35.79 - - [12/Apr/2015:06:51:53 +0200] "POST /xmlrpc.php HTTP/1.0" 403 497 "-" "Mozilla/5.0 (compatible; Googlebot/2.1;  http://www.google.com/bot.html)"
89.231.96.70 - - [12/Apr/2015:06:51:52 +0200] "GET /img/public/f5.jpg HTTP/1.0" 404 31497 "-" "Watcher/0.56 (SH; Linux x86_64; rv: 0.56 wersja prebeta :-) )"
23.95.35.79 - - [12/Apr/2015:06:51:53 +0200] "POST /xmlrpc.php HTTP/1.0" 403 497 "-" "Mozilla/5.0 (compatible; Googlebot/2.1;  http://www.google.com/bot.html)"
23.95.35.79 - - [12/Apr/2015:06:51:54 +0200] "POST /xmlrpc.php HTTP/1.0" 403 497 "-" "Mozilla/5.0 (compatible; Googlebot/2.1;  http://www.google.com/bot.html)"
23.95.35.79 - - [12/Apr/2015:06:51:54 +0200] "POST /xmlrpc.php HTTP/1.0" 403 497 "-" "Mozilla/5.0 (compatible; Googlebot/2.1;  http://www.google.com/bot.html)"
23.95.35.79 - - [12/Apr/2015:06:51:54 +0200] "POST /xmlrpc.php HTTP/1.0" 403 497 "-" "Mozilla/5.0 (compatible; Googlebot/2.1;  http://www.google.com/bot.html)"
23.95.35.79 - - [12/Apr/2015:06:51:55 +0200] "POST /xmlrpc.php HTTP/1.0" 403 497 "-" "Mozilla/5.0 (compatible; Googlebot/2.1;  http://www.google.com/bot.html)"
23.95.35.93 - - [12/Apr/2015:06:51:55 +0200] "POST /xmlrpc.php HTTP/1.0" 403 497 "-" "Mozilla/5.0 (compatible; Googlebot/2.1;  http://www.google.com/bot.html)"
23.95.35.93 - - [12/Apr/2015:06:51:56 +0200] "POST /xmlrpc.php HTTP/1.0" 403 497 "-" "Mozilla/5.0 (compatible; Googlebot/2.1;  http://www.google.com/bot.html)"
23.95.35.93 - - [12/Apr/2015:06:51:56 +0200] "POST /xmlrpc.php HTTP/1.0" 403 497 "-" "Mozilla/5.0 (compatible; Googlebot/2.1;  http://www.google.com/bot.html)"
23.95.35.93 - - [12/Apr/2015:06:51:56 +0200] "POST /xmlrpc.php HTTP/1.0" 403 497 "-" "Mozilla/5.0 (compatible; Googlebot/2.1;  http://www.google.com/bot.html)"
23.95.35.93 - - [12/Apr/2015:06:51:56 +0200] "POST /xmlrpc.php HTTP/1.0" 403 497 "-" "Mozilla/5.0 (compatible; Googlebot/2.1;  http://www.google.com/bot.html)"
23.95.35.93 - - [12/Apr/2015:06:51:56 +0200] "POST /xmlrpc.php HTTP/1.0" 403 497 "-" "Mozilla/5.0 (compatible; Googlebot/2.1;  http://www.google.com/bot.html)"
23.95.35.93 - - [12/Apr/2015:06:51:57 +0200] "POST /xmlrpc.php HTTP/1.0" 403 497 "-" "Mozilla/5.0 (compatible; Googlebot/2.1;  http://www.google.com/bot.html)"
23.95.35.93 - - [12/Apr/2015:06:51:57 +0200] "POST /xmlrpc.php HTTP/1.0" 403 497 "-" "Mozilla/5.0 (compatible; Googlebot/2.1;  http://www.google.com/bot.html)"
23.95.35.93 - - [12/Apr/2015:06:51:57 +0200] "POST /xmlrpc.php HTTP/1.0" 403 497 "-" "Mozilla/5.0 (compatible; Googlebot/2.1;  http://www.google.com/bot.html)"
23.95.35.93 - - [12/Apr/2015:06:51:57 +0200] "POST /xmlrpc.php HTTP/1.0" 403 497 "-" "Mozilla/5.0 (compatible; Googlebot/2.1;  http://www.google.com/bot.html)"
23.95.35.93 - - [12/Apr/2015:06:51:58 +0200] "POST /xmlrpc.php HTTP/1.0" 403 497 "-" "Mozilla/5.0 (compatible; Googlebot/2.1;  http://www.google.com/bot.html)"
23.95.35.93 - - [12/Apr/2015:06:51:58 +0200] "POST /xmlrpc.php HTTP/1.0" 403 497 "-" "Mozilla/5.0 (compatible; Googlebot/2.1;  http://www.google.com/bot.html)"
23.95.35.79 - - [12/Apr/2015:06:51:58 +0200] "POST /xmlrpc.php HTTP/1.0" 403 497 "-" "Mozilla/5.0 (compatible; Googlebot/2.1;  http://www.google.com/bot.html)"
23.95.35.93 - - [12/Apr/2015:06:51:58 +0200] "POST /xmlrpc.php HTTP/1.0" 403 497 "-" "Mozilla/5.0 (compatible; Googlebot/2.1;  http://www.google.com/bot.html)"
23.95.35.79 - - [12/Apr/2015:06:51:58 +0200] "POST /xmlrpc.php HTTP/1.0" 403 497 "-" "Mozilla/5.0 (compatible; Googlebot/2.1;  http://www.google.com/bot.html)"
23.95.35.93 - - [12/Apr/2015:06:51:58 +0200] "POST /xmlrpc.php HTTP/1.0" 403 497 "-" "Mozilla/5.0 (compatible; Googlebot/2.1;  http://www.google.com/bot.html)"
23.95.35.79 - - [12/Apr/2015:06:51:58 +0200] "POST /xmlrpc.php HTTP/1.0" 403 497 "-" "Mozilla/5.0 (compatible; Googlebot/2.1;  http://www.google.com/bot.html)"
23.95.35.93 - - [12/Apr/2015:06:51:58 +0200] "POST /xmlrpc.php HTTP/1.0" 403 497 "-" "Mozilla/5.0 (compatible; Googlebot/2.1;  http://www.google.com/bot.html)"
23.95.35.93 - - [12/Apr/2015:06:51:59 +0200] "POST /xmlrpc.php HTTP/1.0" 403 497 "-" "Mozilla/5.0 (compatible; Googlebot/2.1;  http://www.google.com/bot.html)"
23.95.35.93 - - [12/Apr/2015:06:51:59 +0200] "POST /xmlrpc.php HTTP/1.0" 403 497 "-" "Mozilla/5.0 (compatible; Googlebot/2.1;  http://www.google.com/bot.html)"
23.95.35.93 - - [12/Apr/2015:06:51:59 +0200] "POST /xmlrpc.php HTTP/1.0" 403 497 "-" "Mozilla/5.0 (compatible; Googlebot/2.1;  http://www.google.com/bot.html)"
23.95.35.93 - - [12/Apr/2015:06:51:59 +0200] "POST /xmlrpc.php HTTP/1.0" 403 497 "-" "Mozilla/5.0 (compatible; Googlebot/2.1;  http://www.google.com/bot.html)"
23.95.35.93 - - [12/Apr/2015:06:51:59 +0200] "POST /xmlrpc.php HTTP/1.0" 403 497 "-" "Mozilla/5.0 (compatible; Googlebot/2.1;  http://www.google.com/bot.html)"
23.95.35.93 - - [12/Apr/2015:06:51:59 +0200] "POST /xmlrpc.php HTTP/1.0" 403 497 "-" "Mozilla/5.0 (compatible; Googlebot/2.1;  http://www.google.com/bot.html)"
23.95.35.79 - - [12/Apr/2015:06:52:00 +0200] "POST /xmlrpc.php HTTP/1.0" 403 497 "-" "Mozilla/5.0 (compatible; Googlebot/2.1;  http://www.google.com/bot.html)"
23.95.35.93 - - [12/Apr/2015:06:52:00 +0200] "POST /xmlrpc.php HTTP/1.0" 403 497 "-" "Mozilla/5.0 (compatible; Googlebot/2.1;  http://www.google.com/bot.html)"
23.95.35.79 - - [12/Apr/2015:06:52:00 +0200] "POST /xmlrpc.php HTTP/1.0" 403 497 "-" "Mozilla/5.0 (compatible; Googlebot/2.1;  http://www.google.com/bot.html)"
23.95.35.79 - - [12/Apr/2015:06:52:00 +0200] "POST /xmlrpc.php HTTP/1.0" 403 497 "-" "Mozilla/5.0 (compatible; Googlebot/2.1;  http://www.google.com/bot.html)"
23.95.35.79 - - [12/Apr/2015:06:52:00 +0200] "POST /xmlrpc.php HTTP/1.0" 403 497 "-" "Mozilla/5.0 (compatible; Googlebot/2.1;  http://www.google.com/bot.html)"
23.95.35.79 - - [12/Apr/2015:06:52:00 +0200] "POST /xmlrpc.php HTTP/1.0" 403 497 "-" "Mozilla/5.0 (compatible; Googlebot/2.1;  http://www.google.com/bot.html)"
23.95.35.79 - - [12/Apr/2015:06:52:01 +0200] "POST /xmlrpc.php HTTP/1.0" 403 497 "-" "Mozilla/5.0 (compatible; Googlebot/2.1;  http://www.google.com/bot.html)"
23.95.35.79 - - [12/Apr/2015:06:52:01 +0200] "POST /xmlrpc.php HTTP/1.0" 403 497 "-" "Mozilla/5.0 (compatible; Googlebot/2.1;  http://www.google.com/bot.html)"
23.95.35.93 - - [12/Apr/2015:06:52:01 +0200] "POST /xmlrpc.php HTTP/1.0" 403 497 "-" "Mozilla/5.0 (compatible; Googlebot/2.1;  http://www.google.com/bot.html)"
23.95.35.93 - - [12/Apr/2015:06:52:01 +0200] "POST /xmlrpc.php HTTP/1.0" 403 497 "-" "Mozilla/5.0 (compatible; Googlebot/2.1;  http://www.google.com/bot.html)"
23.95.35.79 - - [12/Apr/2015:06:52:01 +0200] "POST /xmlrpc.php HTTP/1.0" 403 497 "-" "Mozilla/5.0 (compatible; Googlebot/2.1;  http://www.google.com/bot.html)"
23.95.35.93 - - [12/Apr/2015:06:52:01 +0200] "POST /xmlrpc.php HTTP/1.0" 403 497 "-" "Mozilla/5.0 (compatible; Googlebot/2.1;  http://www.google.com/bot.html)"
23.95.35.79 - - [12/Apr/2015:06:52:01 +0200] "POST /xmlrpc.php HTTP/1.0" 403 497 "-" "Mozilla/5.0 (compatible; Googlebot/2.1;  http://www.google.com/bot.html)"
23.95.35.79 - - [12/Apr/2015:06:52:02 +0200] "POST /xmlrpc.php HTTP/1.0" 403 497 "-" "Mozilla/5.0 (compatible; Googlebot/2.1;  http://www.google.com/bot.html)"
23.95.35.93 - - [12/Apr/2015:06:52:02 +0200] "POST /xmlrpc.php HTTP/1.0" 403 497 "-" "Mozilla/5.0 (compatible; Googlebot/2.1;  http://www.google.com/bot.html)"
23.95.35.93 - - [12/Apr/2015:06:52:02 +0200] "POST /xmlrpc.php HTTP/1.0" 403 497 "-" "Mozilla/5.0 (compatible; Googlebot/2.1;  http://www.google.com/bot.html)"
89.231.96.70 - - [12/Apr/2015:06:52:02 +0200] "GET /text/174 HTTP/1.0" 302 553 "-" "Watcher/0.56 (SH; Linux x86_64; rv: 0.56 wersja prebeta :-) )"
192.3.91.67 - - [12/Apr/2015:06:52:05 +0200] "POST /xmlrpc.php HTTP/1.0" 403 497 "-" "Mozilla/5.0 (compatible; Googlebot/2.1;  http://www.google.com/bot.html)"
23.95.35.79 - - [12/Apr/2015:06:52:05 +0200] "POST /xmlrpc.php HTTP/1.0" 403 497 "-" "Mozilla/5.0 (compatible; Googlebot/2.1;  http://www.google.com/bot.html)"
192.3.91.67 - - [12/Apr/2015:06:52:05 +0200] "POST /xmlrpc.php HTTP/1.0" 403 497 "-" "Mozilla/5.0 (compatible; Googlebot/2.1;  http://www.google.com/bot.html)"
192.3.91.67 - - [12/Apr/2015:06:52:06 +0200] "POST /xmlrpc.php HTTP/1.0" 403 497 "-" "Mozilla/5.0 (compatible; Googlebot/2.1;  http://www.google.com/bot.html)"
192.3.91.67 - - [12/Apr/2015:06:52:06 +0200] "POST /xmlrpc.php HTTP/1.0" 403 497 "-" "Mozilla/5.0 (compatible; Googlebot/2.1;  http://www.google.com/bot.html)"
23.95.35.79 - - [12/Apr/2015:06:52:06 +0200] "POST /xmlrpc.php HTTP/1.0" 403 497 "-" "Mozilla/5.0 (compatible; Googlebot/2.1;  http://www.google.com/bot.html)"
192.3.91.67 - - [12/Apr/2015:06:52:06 +0200] "POST /xmlrpc.php HTTP/1.0" 403 497 "-" "Mozilla/5.0 (compatible; Googlebot/2.1;  http://www.google.com/bot.html)"
192.3.91.67 - - [12/Apr/2015:06:52:06 +0200] "POST /xmlrpc.php HTTP/1.0" 403 497 "-" "Mozilla/5.0 (compatible; Googlebot/2.1;  http://www.google.com/bot.html)"
192.3.91.67 - - [12/Apr/2015:06:52:06 +0200] "POST /xmlrpc.php HTTP/1.0" 403 497 "-" "Mozilla/5.0 (compatible; Googlebot/2.1;  http://www.google.com/bot.html)"
23.95.35.79 - - [12/Apr/2015:06:52:06 +0200] "POST /xmlrpc.php HTTP/1.0" 403 497 "-" "Mozilla/5.0 (compatible; Googlebot/2.1;  http://www.google.com/bot.html)"
192.3.91.67 - - [12/Apr/2015:06:52:07 +0200] "POST /xmlrpc.php HTTP/1.0" 403 497 "-" "Mozilla/5.0 (compatible; Googlebot/2.1;  http://www.google.com/bot.html)"
192.3.91.67 - - [12/Apr/2015:06:52:07 +0200] "POST /xmlrpc.php HTTP/1.0" 403 497 "-" "Mozilla/5.0 (compatible; Googlebot/2.1;  http://www.google.com/bot.html)"
192.3.91.67 - - [12/Apr/2015:06:52:08 +0200] "POST /xmlrpc.php HTTP/1.0" 403 497 "-" "Mozilla/5.0 (compatible; Googlebot/2.1;  http://www.google.com/bot.html)"
23.95.35.79 - - [12/Apr/2015:06:52:08 +0200] "POST /xmlrpc.php HTTP/1.0" 403 497 "-" "Mozilla/5.0 (compatible; Googlebot/2.1;  http://www.google.com/bot.html)"
157.55.39.141 - - [12/Apr/2015:06:52:07 +0200] "GET /%7Eczajewsw/forum/posting.php?mode=quote&p=3207 HTTP/1.1" 302 689 "-" "Mozilla/5.0 (compatible; bingbot/2.0; +http://www.bing.com/bingbot.htm)"
192.3.91.67 - - [12/Apr/2015:06:52:08 +0200] "POST /xmlrpc.php HTTP/1.0" 403 497 "-" "Mozilla/5.0 (compatible; Googlebot/2.1;  http://www.google.com/bot.html)"
23.95.35.93 - - [12/Apr/2015:06:52:09 +0200] "POST /xmlrpc.php HTTP/1.0" 403 497 "-" "Mozilla/5.0 (compatible; Googlebot/2.1;  http://www.google.com/bot.html)"
23.95.35.93 - - [12/Apr/2015:06:52:09 +0200] "POST /xmlrpc.php HTTP/1.0" 403 497 "-" "Mozilla/5.0 (compatible; Googlebot/2.1;  http://www.google.com/bot.html)"
23.95.35.79 - - [12/Apr/2015:06:52:09 +0200] "POST /xmlrpc.php HTTP/1.0" 403 497 "-" "Mozilla/5.0 (compatible; Googlebot/2.1;  http://www.google.com/bot.html)"
23.95.35.93 - - [12/Apr/2015:06:52:09 +0200] "POST /xmlrpc.php HTTP/1.0" 403 497 "-" "Mozilla/5.0 (compatible; Googlebot/2.1;  http://www.google.com/bot.html)"
23.95.35.79 - - [12/Apr/2015:06:52:09 +0200] "POST /xmlrpc.php HTTP/1.0" 403 497 "-" "Mozilla/5.0 (compatible; Googlebot/2.1;  http://www.google.com/bot.html)"
192.3.91.67 - - [12/Apr/2015:06:52:09 +0200] "POST /xmlrpc.php HTTP/1.0" 403 497 "-" "Mozilla/5.0 (compatible; Googlebot/2.1;  http://www.google.com/bot.html)"
23.95.35.93 - - [12/Apr/2015:06:52:09 +0200] "POST /xmlrpc.php HTTP/1.0" 403 497 "-" "Mozilla/5.0 (compatible; Googlebot/2.1;  http://www.google.com/bot.html)"
192.3.91.67 - - [12/Apr/2015:06:52:10 +0200] "POST /xmlrpc.php HTTP/1.0" 403 497 "-" "Mozilla/5.0 (compatible; Googlebot/2.1;  http://www.google.com/bot.html)"
192.3.91.67 - - [12/Apr/2015:06:52:11 +0200] "POST /xmlrpc.php HTTP/1.0" 403 497 "-" "Mozilla/5.0 (compatible; Googlebot/2.1;  http://www.google.com/bot.html)"
192.3.91.67 - - [12/Apr/2015:06:52:11 +0200] "POST /xmlrpc.php HTTP/1.0" 403 497 "-" "Mozilla/5.0 (compatible; Googlebot/2.1;  http://www.google.com/bot.html)"
157.55.39.141 - - [12/Apr/2015:06:52:11 +0200] "GET /team-view/doc-dr-inz-wojciech-urbanski/polityka-prywatnosci HTTP/1.1" 301 576 "-" "Mozilla/5.0 (compatible; bingbot/2.0; +http://www.bing.com/bingbot.htm)"
23.95.35.93 - - [12/Apr/2015:06:52:12 +0200] "POST /xmlrpc.php HTTP/1.0" 403 497 "-" "Mozilla/5.0 (compatible; Googlebot/2.1;  http://www.google.com/bot.html)"
23.95.35.93 - - [12/Apr/2015:06:52:12 +0200] "POST /xmlrpc.php HTTP/1.0" 403 497 "-" "Mozilla/5.0 (compatible; Googlebot/2.1;  http://www.google.com/bot.html)"
192.3.91.67 - - [12/Apr/2015:06:52:12 +0200] "POST /xmlrpc.php HTTP/1.0" 403 497 "-" "Mozilla/5.0 (compatible; Googlebot/2.1;  http://www.google.com/bot.html)"
23.95.35.93 - - [12/Apr/2015:06:52:12 +0200] "POST /xmlrpc.php HTTP/1.0" 403 497 "-" "Mozilla/5.0 (compatible; Googlebot/2.1;  http://www.google.com/bot.html)"
192.3.91.67 - - [12/Apr/2015:06:52:12 +0200] "POST /xmlrpc.php HTTP/1.0" 403 497 "-" "Mozilla/5.0 (compatible; Googlebot/2.1;  http://www.google.com/bot.html)"
192.3.91.67 - - [12/Apr/2015:06:52:12 +0200] "POST /xmlrpc.php HTTP/1.0" 403 497 "-" "Mozilla/5.0 (compatible; Googlebot/2.1;  http://www.google.com/bot.html)"
192.3.91.67 - - [12/Apr/2015:06:52:13 +0200] "POST /xmlrpc.php HTTP/1.0" 403 497 "-" "Mozilla/5.0 (compatible; Googlebot/2.1;  http://www.google.com/bot.html)"
23.95.35.93 - - [12/Apr/2015:06:52:13 +0200] "POST /xmlrpc.php HTTP/1.0" 403 497 "-" "Mozilla/5.0 (compatible; Googlebot/2.1;  http://www.google.com/bot.html)"
23.95.35.93 - - [12/Apr/2015:06:52:13 +0200] "POST /xmlrpc.php HTTP/1.0" 403 497 "-" "Mozilla/5.0 (compatible; Googlebot/2.1;  http://www.google.com/bot.html)"
66.249.78.82 - - [12/Apr/2015:06:52:12 +0200] "GET /search/plwww.cwm.pw.edu.pl/students/szukaj/polityka-prywatnosci/page/4/en/szukaj/polityka-prywatnosci/page/3/ HTTP/1.1" 200 10960 "-" "Mozilla/5.0 (compatible; Googlebot/2.1; +http://www.google.com/bot.html)"
23.95.35.93 - - [12/Apr/2015:06:52:13 +0200] "POST /xmlrpc.php HTTP/1.0" 403 497 "-" "Mozilla/5.0 (compatible; Googlebot/2.1;  http://www.google.com/bot.html)"
23.95.35.93 - - [12/Apr/2015:06:52:13 +0200] "POST /xmlrpc.php HTTP/1.0" 403 497 "-" "Mozilla/5.0 (compatible; Googlebot/2.1;  http://www.google.com/bot.html)"
23.95.35.93 - - [12/Apr/2015:06:52:14 +0200] "POST /xmlrpc.php HTTP/1.0" 403 497 "-" "Mozilla/5.0 (compatible; Googlebot/2.1;  http://www.google.com/bot.html)"
23.95.35.93 - - [12/Apr/2015:06:52:14 +0200] "POST /xmlrpc.php HTTP/1.0" 403 497 "-" "Mozilla/5.0 (compatible; Googlebot/2.1;  http://www.google.com/bot.html)"
220.181.108.103 - - [12/Apr/2015:06:52:13 +0200] "GET / HTTP/1.1" 200 48629 "-" "Mozilla/5.0 (Windows NT 5.1; rv:6.0.2) Gecko/20100101 Firefox/6.0.2"
192.3.91.67 - - [12/Apr/2015:06:52:14 +0200] "POST /xmlrpc.php HTTP/1.0" 403 497 "-" "Mozilla/5.0 (compatible; Googlebot/2.1;  http://www.google.com/bot.html)"
192.3.91.67 - - [12/Apr/2015:06:52:14 +0200] "POST /xmlrpc.php HTTP/1.0" 403 497 "-" "Mozilla/5.0 (compatible; Googlebot/2.1;  http://www.google.com/bot.html)"
23.95.35.93 - - [12/Apr/2015:06:52:14 +0200] "POST /xmlrpc.php HTTP/1.0" 403 497 "-" "Mozilla/5.0 (compatible; Googlebot/2.1;  http://www.google.com/bot.html)"
192.3.91.67 - - [12/Apr/2015:06:52:14 +0200] "POST /xmlrpc.php HTTP/1.0" 403 497 "-" "Mozilla/5.0 (compatible; Googlebot/2.1;  http://www.google.com/bot.html)"
192.3.91.67 - - [12/Apr/2015:06:52:14 +0200] "POST /xmlrpc.php HTTP/1.0" 403 497 "-" "Mozilla/5.0 (compatible; Googlebot/2.1;  http://www.google.com/bot.html)"
23.95.35.93 - - [12/Apr/2015:06:52:14 +0200] "POST /xmlrpc.php HTTP/1.0" 403 497 "-" "Mozilla/5.0 (compatible; Googlebot/2.1;  http://www.google.com/bot.html)"
192.3.91.67 - - [12/Apr/2015:06:52:14 +0200] "POST /xmlrpc.php HTTP/1.0" 403 497 "-" "Mozilla/5.0 (compatible; Googlebot/2.1;  http://www.google.com/bot.html)"
192.3.91.67 - - [12/Apr/2015:06:52:14 +0200] "POST /xmlrpc.php HTTP/1.0" 403 497 "-" "Mozilla/5.0 (compatible; Googlebot/2.1;  http://www.google.com/bot.html)"
23.95.35.79 - - [12/Apr/2015:06:52:15 +0200] "POST /xmlrpc.php HTTP/1.0" 403 497 "-" "Mozilla/5.0 (compatible; Googlebot/2.1;  http://www.google.com/bot.html)"
192.3.91.67 - - [12/Apr/2015:06:52:16 +0200] "POST /xmlrpc.php HTTP/1.0" 403 497 "-" "Mozilla/5.0 (compatible; Googlebot/2.1;  http://www.google.com/bot.html)"
23.95.35.79 - - [12/Apr/2015:06:52:16 +0200] "POST /xmlrpc.php HTTP/1.0" 403 497 "-" "Mozilla/5.0 (compatible; Googlebot/2.1;  http://www.google.com/bot.html)"
23.95.35.79 - - [12/Apr/2015:06:52:17 +0200] "POST /xmlrpc.php HTTP/1.0" 403 497 "-" "Mozilla/5.0 (compatible; Googlebot/2.1;  http://www.google.com/bot.html)"
192.3.91.67 - - [12/Apr/2015:06:52:17 +0200] "POST /xmlrpc.php HTTP/1.0" 403 497 "-" "Mozilla/5.0 (compatible; Googlebot/2.1;  http://www.google.com/bot.html)"
23.95.35.79 - - [12/Apr/2015:06:52:17 +0200] "POST /xmlrpc.php HTTP/1.0" 403 497 "-" "Mozilla/5.0 (compatible; Googlebot/2.1;  http://www.google.com/bot.html)"
192.3.91.67 - - [12/Apr/2015:06:52:17 +0200] "POST /xmlrpc.php HTTP/1.0" 403 497 "-" "Mozilla/5.0 (compatible; Googlebot/2.1;  http://www.google.com/bot.html)"
23.95.35.79 - - [12/Apr/2015:06:52:17 +0200] "POST /xmlrpc.php HTTP/1.0" 403 497 "-" "Mozilla/5.0 (compatible; Googlebot/2.1;  http://www.google.com/bot.html)"
192.3.91.67 - - [12/Apr/2015:06:52:17 +0200] "POST /xmlrpc.php HTTP/1.0" 403 497 "-" "Mozilla/5.0 (compatible; Googlebot/2.1;  http://www.google.com/bot.html)"
23.95.35.79 - - [12/Apr/2015:06:52:17 +0200] "POST /xmlrpc.php HTTP/1.0" 403 497 "-" "Mozilla/5.0 (compatible; Googlebot/2.1;  http://www.google.com/bot.html)"
23.95.35.93 - - [12/Apr/2015:06:52:20 +0200] "POST /xmlrpc.php HTTP/1.0" 403 497 "-" "Mozilla/5.0 (compatible; Googlebot/2.1;  http://www.google.com/bot.html)"
23.95.35.93 - - [12/Apr/2015:06:52:20 +0200] "POST /xmlrpc.php HTTP/1.0" 403 497 "-" "Mozilla/5.0 (compatible; Googlebot/2.1;  http://www.google.com/bot.html)"
23.95.35.79 - - [12/Apr/2015:06:52:21 +0200] "POST /xmlrpc.php HTTP/1.0" 403 497 "-" "Mozilla/5.0 (compatible; Googlebot/2.1;  http://www.google.com/bot.html)"
23.95.35.79 - - [12/Apr/2015:06:52:21 +0200] "POST /xmlrpc.php HTTP/1.0" 403 497 "-" "Mozilla/5.0 (compatible; Googlebot/2.1;  http://www.google.com/bot.html)"
23.95.35.79 - - [12/Apr/2015:06:52:21 +0200] "POST /xmlrpc.php HTTP/1.0" 403 497 "-" "Mozilla/5.0 (compatible; Googlebot/2.1;  http://www.google.com/bot.html)"
23.95.35.93 - - [12/Apr/2015:06:52:21 +0200] "POST /xmlrpc.php HTTP/1.0" 403 497 "-" "Mozilla/5.0 (compatible; Googlebot/2.1;  http://www.google.com/bot.html)"
23.95.35.93 - - [12/Apr/2015:06:52:22 +0200] "POST /xmlrpc.php HTTP/1.0" 403 497 "-" "Mozilla/5.0 (compatible; Googlebot/2.1;  http://www.google.com/bot.html)"
23.95.35.79 - - [12/Apr/2015:06:52:22 +0200] "POST /xmlrpc.php HTTP/1.0" 403 497 "-" "Mozilla/5.0 (compatible; Googlebot/2.1;  http://www.google.com/bot.html)"
23.95.35.93 - - [12/Apr/2015:06:52:23 +0200] "POST /xmlrpc.php HTTP/1.0" 403 497 "-" "Mozilla/5.0 (compatible; Googlebot/2.1;  http://www.google.com/bot.html)"
23.95.35.93 - - [12/Apr/2015:06:52:23 +0200] "POST /xmlrpc.php HTTP/1.0" 403 497 "-" "Mozilla/5.0 (compatible; Googlebot/2.1;  http://www.google.com/bot.html)"
192.3.91.67 - - [12/Apr/2015:06:52:24 +0200] "POST /xmlrpc.php HTTP/1.0" 403 497 "-" "Mozilla/5.0 (compatible; Googlebot/2.1;  http://www.google.com/bot.html)"
23.95.35.79 - - [12/Apr/2015:06:52:25 +0200] "POST /xmlrpc.php HTTP/1.0" 403 497 "-" "Mozilla/5.0 (compatible; Googlebot/2.1;  http://www.google.com/bot.html)"
23.95.35.79 - - [12/Apr/2015:06:52:26 +0200] "POST /xmlrpc.php HTTP/1.0" 403 497 "-" "Mozilla/5.0 (compatible; Googlebot/2.1;  http://www.google.com/bot.html)"
23.95.35.79 - - [12/Apr/2015:06:52:26 +0200] "POST /xmlrpc.php HTTP/1.0" 403 497 "-" "Mozilla/5.0 (compatible; Googlebot/2.1;  http://www.google.com/bot.html)"
23.95.35.93 - - [12/Apr/2015:06:52:26 +0200] "POST /xmlrpc.php HTTP/1.0" 403 497 "-" "Mozilla/5.0 (compatible; Googlebot/2.1;  http://www.google.com/bot.html)"
23.95.35.79 - - [12/Apr/2015:06:52:26 +0200] "POST /xmlrpc.php HTTP/1.0" 403 497 "-" "Mozilla/5.0 (compatible; Googlebot/2.1;  http://www.google.com/bot.html)"
23.95.35.79 - - [12/Apr/2015:06:52:26 +0200] "POST /xmlrpc.php HTTP/1.0" 403 497 "-" "Mozilla/5.0 (compatible; Googlebot/2.1;  http://www.google.com/bot.html)"
23.95.35.93 - - [12/Apr/2015:06:52:26 +0200] "POST /xmlrpc.php HTTP/1.0" 403 497 "-" "Mozilla/5.0 (compatible; Googlebot/2.1;  http://www.google.com/bot.html)"
23.95.35.79 - - [12/Apr/2015:06:52:26 +0200] "POST /xmlrpc.php HTTP/1.0" 403 497 "-" "Mozilla/5.0 (compatible; Googlebot/2.1;  http://www.google.com/bot.html)"
23.95.35.79 - - [12/Apr/2015:06:52:26 +0200] "POST /xmlrpc.php HTTP/1.0" 403 497 "-" "Mozilla/5.0 (compatible; Googlebot/2.1;  http://www.google.com/bot.html)"
157.55.39.141 - - [12/Apr/2015:06:52:23 +0200] "GET /~marchelp/files/beinz-2013-wyklad-1.pdf HTTP/1.1" 200 1386482 "-" "Mozilla/5.0 (compatible; bingbot/2.0; +http://www.bing.com/bingbot.htm)"
23.95.35.79 - - [12/Apr/2015:06:52:27 +0200] "POST /xmlrpc.php HTTP/1.0" 403 497 "-" "Mozilla/5.0 (compatible; Googlebot/2.1;  http://www.google.com/bot.html)"
23.95.35.79 - - [12/Apr/2015:06:52:27 +0200] "POST /xmlrpc.php HTTP/1.0" 403 497 "-" "Mozilla/5.0 (compatible; Googlebot/2.1;  http://www.google.com/bot.html)"
23.95.35.79 - - [12/Apr/2015:06:52:27 +0200] "POST /xmlrpc.php HTTP/1.0" 403 497 "-" "Mozilla/5.0 (compatible; Googlebot/2.1;  http://www.google.com/bot.html)"
23.95.35.79 - - [12/Apr/2015:06:52:27 +0200] "POST /xmlrpc.php HTTP/1.0" 403 497 "-" "Mozilla/5.0 (compatible; Googlebot/2.1;  http://www.google.com/bot.html)"
192.3.91.67 - - [12/Apr/2015:06:52:27 +0200] "POST /xmlrpc.php HTTP/1.0" 403 497 "-" "Mozilla/5.0 (compatible; Googlebot/2.1;  http://www.google.com/bot.html)"
23.95.35.79 - - [12/Apr/2015:06:52:27 +0200] "POST /xmlrpc.php HTTP/1.0" 403 497 "-" "Mozilla/5.0 (compatible; Googlebot/2.1;  http://www.google.com/bot.html)"
23.95.35.93 - - [12/Apr/2015:06:52:28 +0200] "POST /xmlrpc.php HTTP/1.0" 403 497 "-" "Mozilla/5.0 (compatible; Googlebot/2.1;  http://www.google.com/bot.html)"
23.95.35.93 - - [12/Apr/2015:06:52:28 +0200] "POST /xmlrpc.php HTTP/1.0" 403 497 "-" "Mozilla/5.0 (compatible; Googlebot/2.1;  http://www.google.com/bot.html)"
23.95.35.79 - - [12/Apr/2015:06:52:29 +0200] "POST /xmlrpc.php HTTP/1.0" 403 497 "-" "Mozilla/5.0 (compatible; Googlebot/2.1;  http://www.google.com/bot.html)"
192.3.91.67 - - [12/Apr/2015:06:52:29 +0200] "POST /xmlrpc.php HTTP/1.0" 403 497 "-" "Mozilla/5.0 (compatible; Googlebot/2.1;  http://www.google.com/bot.html)"
23.95.35.79 - - [12/Apr/2015:06:52:29 +0200] "POST /xmlrpc.php HTTP/1.0" 403 497 "-" "Mozilla/5.0 (compatible; Googlebot/2.1;  http://www.google.com/bot.html)"
192.3.91.67 - - [12/Apr/2015:06:52:29 +0200] "POST /xmlrpc.php HTTP/1.0" 403 497 "-" "Mozilla/5.0 (compatible; Googlebot/2.1;  http://www.google.com/bot.html)"
23.95.35.79 - - [12/Apr/2015:06:52:29 +0200] "POST /xmlrpc.php HTTP/1.0" 403 497 "-" "Mozilla/5.0 (compatible; Googlebot/2.1;  http://www.google.com/bot.html)"
192.3.91.67 - - [12/Apr/2015:06:52:29 +0200] "POST /xmlrpc.php HTTP/1.0" 403 497 "-" "Mozilla/5.0 (compatible; Googlebot/2.1;  http://www.google.com/bot.html)"
23.95.35.79 - - [12/Apr/2015:06:52:30 +0200] "POST /xmlrpc.php HTTP/1.0" 403 497 "-" "Mozilla/5.0 (compatible; Googlebot/2.1;  http://www.google.com/bot.html)"
23.95.35.79 - - [12/Apr/2015:06:52:30 +0200] "POST /xmlrpc.php HTTP/1.0" 403 497 "-" "Mozilla/5.0 (compatible; Googlebot/2.1;  http://www.google.com/bot.html)"
192.3.91.67 - - [12/Apr/2015:06:52:30 +0200] "POST /xmlrpc.php HTTP/1.0" 403 497 "-" "Mozilla/5.0 (compatible; Googlebot/2.1;  http://www.google.com/bot.html)"
23.95.35.79 - - [12/Apr/2015:06:52:30 +0200] "POST /xmlrpc.php HTTP/1.0" 403 497 "-" "Mozilla/5.0 (compatible; Googlebot/2.1;  http://www.google.com/bot.html)"
23.95.35.79 - - [12/Apr/2015:06:52:31 +0200] "POST /xmlrpc.php HTTP/1.0" 403 497 "-" "Mozilla/5.0 (compatible; Googlebot/2.1;  http://www.google.com/bot.html)"
192.3.91.67 - - [12/Apr/2015:06:52:31 +0200] "POST /xmlrpc.php HTTP/1.0" 403 497 "-" "Mozilla/5.0 (compatible; Googlebot/2.1;  http://www.google.com/bot.html)"
192.3.91.67 - - [12/Apr/2015:06:52:31 +0200] "POST /xmlrpc.php HTTP/1.0" 403 497 "-" "Mozilla/5.0 (compatible; Googlebot/2.1;  http://www.google.com/bot.html)"
23.95.35.79 - - [12/Apr/2015:06:52:31 +0200] "POST /xmlrpc.php HTTP/1.0" 403 497 "-" "Mozilla/5.0 (compatible; Googlebot/2.1;  http://www.google.com/bot.html)"
23.95.35.93 - - [12/Apr/2015:06:52:31 +0200] "POST /xmlrpc.php HTTP/1.0" 403 497 "-" "Mozilla/5.0 (compatible; Googlebot/2.1;  http://www.google.com/bot.html)"
23.95.35.79 - - [12/Apr/2015:06:52:32 +0200] "POST /xmlrpc.php HTTP/1.0" 403 497 "-" "Mozilla/5.0 (compatible; Googlebot/2.1;  http://www.google.com/bot.html)"
23.95.35.79 - - [12/Apr/2015:06:52:32 +0200] "POST /xmlrpc.php HTTP/1.0" 403 497 "-" "Mozilla/5.0 (compatible; Googlebot/2.1;  http://www.google.com/bot.html)"
157.55.39.141 - - [12/Apr/2015:06:52:31 +0200] "GET /%7Eczajewsw/forum/viewtopic.php?t=232 HTTP/1.1" 200 7352 "-" "Mozilla/5.0 (compatible; bingbot/2.0; +http://www.bing.com/bingbot.htm)"
23.95.35.79 - - [12/Apr/2015:06:52:32 +0200] "POST /xmlrpc.php HTTP/1.0" 403 497 "-" "Mozilla/5.0 (compatible; Googlebot/2.1;  http://www.google.com/bot.html)"
23.95.35.79 - - [12/Apr/2015:06:52:33 +0200] "POST /xmlrpc.php HTTP/1.0" 403 497 "-" "Mozilla/5.0 (compatible; Googlebot/2.1;  http://www.google.com/bot.html)"
23.95.35.93 - - [12/Apr/2015:06:52:33 +0200] "POST /xmlrpc.php HTTP/1.0" 403 497 "-" "Mozilla/5.0 (compatible; Googlebot/2.1;  http://www.google.com/bot.html)"
23.95.35.79 - - [12/Apr/2015:06:52:33 +0200] "POST /xmlrpc.php HTTP/1.0" 403 497 "-" "Mozilla/5.0 (compatible; Googlebot/2.1;  http://www.google.com/bot.html)"
23.95.35.93 - - [12/Apr/2015:06:52:33 +0200] "POST /xmlrpc.php HTTP/1.0" 403 497 "-" "Mozilla/5.0 (compatible; Googlebot/2.1;  http://www.google.com/bot.html)"
23.95.35.93 - - [12/Apr/2015:06:52:33 +0200] "POST /xmlrpc.php HTTP/1.0" 403 497 "-" "Mozilla/5.0 (compatible; Googlebot/2.1;  http://www.google.com/bot.html)"
23.95.35.79 - - [12/Apr/2015:06:52:33 +0200] "POST /xmlrpc.php HTTP/1.0" 403 497 "-" "Mozilla/5.0 (compatible; Googlebot/2.1;  http://www.google.com/bot.html)"
23.95.35.93 - - [12/Apr/2015:06:52:33 +0200] "POST /xmlrpc.php HTTP/1.0" 403 497 "-" "Mozilla/5.0 (compatible; Googlebot/2.1;  http://www.google.com/bot.html)"
66.249.78.75 - - [12/Apr/2015:06:52:32 +0200] "GET /search/plfunction.require/www.pw.edu.pl/studia/anglojezyczne/www.cwm.pw.edu.pl/students/www.pw.edu.pl/studia/anglojezyczne/eng_lang_stud.html/page/6/szukaj/szukaj/page/5/polityka-prywatnosci/feed/rss2/ HTTP/1.1" 200 15793 "-" "Mozilla/5.0 (compatible; Googlebot/2.1; +http://www.google.com/bot.html)"
23.95.35.79 - - [12/Apr/2015:06:52:33 +0200] "POST /xmlrpc.php HTTP/1.0" 403 497 "-" "Mozilla/5.0 (compatible; Googlebot/2.1;  http://www.google.com/bot.html)"
23.95.35.93 - - [12/Apr/2015:06:52:33 +0200] "POST /xmlrpc.php HTTP/1.0" 403 497 "-" "Mozilla/5.0 (compatible; Googlebot/2.1;  http://www.google.com/bot.html)"
23.95.35.93 - - [12/Apr/2015:06:52:34 +0200] "POST /xmlrpc.php HTTP/1.0" 403 497 "-" "Mozilla/5.0 (compatible; Googlebot/2.1;  http://www.google.com/bot.html)"
23.95.35.93 - - [12/Apr/2015:06:52:34 +0200] "-" 408 0 "-" "-"
23.95.35.93 - - [12/Apr/2015:06:52:34 +0200] "POST /xmlrpc.php HTTP/1.0" 403 497 "-" "Mozilla/5.0 (compatible; Googlebot/2.1;  http://www.google.com/bot.html)"
23.95.35.93 - - [12/Apr/2015:06:52:34 +0200] "-" 408 0 "-" "-"
23.95.35.93 - - [12/Apr/2015:06:52:34 +0200] "POST /xmlrpc.php HTTP/1.0" 403 497 "-" "Mozilla/5.0 (compatible; Googlebot/2.1;  http://www.google.com/bot.html)"
23.95.35.93 - - [12/Apr/2015:06:52:34 +0200] "POST /xmlrpc.php HTTP/1.0" 403 497 "-" "Mozilla/5.0 (compatible; Googlebot/2.1;  http://www.google.com/bot.html)"
23.95.35.79 - - [12/Apr/2015:06:52:34 +0200] "POST /xmlrpc.php HTTP/1.0" 403 497 "-" "Mozilla/5.0 (compatible; Googlebot/2.1;  http://www.google.com/bot.html)"
192.3.91.67 - - [12/Apr/2015:06:52:35 +0200] "POST /xmlrpc.php HTTP/1.0" 403 497 "-" "Mozilla/5.0 (compatible; Googlebot/2.1;  http://www.google.com/bot.html)"
23.95.35.79 - - [12/Apr/2015:06:52:35 +0200] "POST /xmlrpc.php HTTP/1.0" 403 497 "-" "Mozilla/5.0 (compatible; Googlebot/2.1;  http://www.google.com/bot.html)"
192.3.91.67 - - [12/Apr/2015:06:52:35 +0200] "POST /xmlrpc.php HTTP/1.0" 403 497 "-" "Mozilla/5.0 (compatible; Googlebot/2.1;  http://www.google.com/bot.html)"
23.95.35.93 - - [12/Apr/2015:06:52:35 +0200] "POST /xmlrpc.php HTTP/1.0" 403 497 "-" "Mozilla/5.0 (compatible; Googlebot/2.1;  http://www.google.com/bot.html)"
23.95.35.79 - - [12/Apr/2015:06:52:35 +0200] "POST /xmlrpc.php HTTP/1.0" 403 497 "-" "Mozilla/5.0 (compatible; Googlebot/2.1;  http://www.google.com/bot.html)"
192.3.91.67 - - [12/Apr/2015:06:52:35 +0200] "POST /xmlrpc.php HTTP/1.0" 403 497 "-" "Mozilla/5.0 (compatible; Googlebot/2.1;  http://www.google.com/bot.html)"
23.95.35.79 - - [12/Apr/2015:06:52:35 +0200] "POST /xmlrpc.php HTTP/1.0" 403 497 "-" "Mozilla/5.0 (compatible; Googlebot/2.1;  http://www.google.com/bot.html)"
192.3.91.67 - - [12/Apr/2015:06:52:35 +0200] "POST /xmlrpc.php HTTP/1.0" 403 497 "-" "Mozilla/5.0 (compatible; Googlebot/2.1;  http://www.google.com/bot.html)"
23.95.35.79 - - [12/Apr/2015:06:52:35 +0200] "POST /xmlrpc.php HTTP/1.0" 403 497 "-" "Mozilla/5.0 (compatible; Googlebot/2.1;  http://www.google.com/bot.html)"
23.95.35.93 - - [12/Apr/2015:06:52:38 +0200] "POST /xmlrpc.php HTTP/1.0" 403 497 "-" "Mozilla/5.0 (compatible; Googlebot/2.1;  http://www.google.com/bot.html)"
23.95.35.93 - - [12/Apr/2015:06:52:38 +0200] "POST /xmlrpc.php HTTP/1.0" 403 497 "-" "Mozilla/5.0 (compatible; Googlebot/2.1;  http://www.google.com/bot.html)"
192.3.91.67 - - [12/Apr/2015:06:52:38 +0200] "POST /xmlrpc.php HTTP/1.0" 403 497 "-" "Mozilla/5.0 (compatible; Googlebot/2.1;  http://www.google.com/bot.html)"
192.3.91.67 - - [12/Apr/2015:06:52:38 +0200] "POST /xmlrpc.php HTTP/1.0" 403 497 "-" "Mozilla/5.0 (compatible; Googlebot/2.1;  http://www.google.com/bot.html)"
89.231.96.70 - - [12/Apr/2015:06:52:38 +0200] "GET /img/public/f5.jpg HTTP/1.0" 404 31497 "-" "Watcher/0.56 (SH; Linux x86_64; rv: 0.56 wersja prebeta :-) )"
23.95.35.93 - - [12/Apr/2015:06:52:39 +0200] "POST /xmlrpc.php HTTP/1.0" 403 497 "-" "Mozilla/5.0 (compatible; Googlebot/2.1;  http://www.google.com/bot.html)"
23.95.35.79 - - [12/Apr/2015:06:52:41 +0200] "POST /xmlrpc.php HTTP/1.0" 403 497 "-" "Mozilla/5.0 (compatible; Googlebot/2.1;  http://www.google.com/bot.html)"
23.95.35.79 - - [12/Apr/2015:06:52:41 +0200] "POST /xmlrpc.php HTTP/1.0" 403 497 "-" "Mozilla/5.0 (compatible; Googlebot/2.1;  http://www.google.com/bot.html)"
169.236.9.144 - - [12/Apr/2015:06:52:44 +0200] "GET /~dsieroci/ HTTP/1.1" 200 2830 "https://www.google.com/" "Mozilla/5.0 (Windows NT 6.1; WOW64) AppleWebKit/537.36 (KHTML, like Gecko) Chrome/41.0.2272.101 Safari/537.36"
169.236.9.144 - - [12/Apr/2015:06:52:45 +0200] "GET /~dsieroci/wzlogo2.gif HTTP/1.1" 200 4146 "http://www.ee.pw.edu.pl/~dsieroci/" "Mozilla/5.0 (Windows NT 6.1; WOW64) AppleWebKit/537.36 (KHTML, like Gecko) Chrome/41.0.2272.101 Safari/537.36"
169.236.9.144 - - [12/Apr/2015:06:52:45 +0200] "GET /favicon.ico HTTP/1.1" 200 240 "-" "Mozilla/5.0 (Windows NT 6.1; WOW64) AppleWebKit/537.36 (KHTML, like Gecko) Chrome/41.0.2272.101 Safari/537.36"
23.95.35.93 - - [12/Apr/2015:06:52:45 +0200] "POST /xmlrpc.php HTTP/1.0" 403 497 "-" "Mozilla/5.0 (compatible; Googlebot/2.1;  http://www.google.com/bot.html)"
192.3.91.67 - - [12/Apr/2015:06:52:45 +0200] "POST /xmlrpc.php HTTP/1.0" 403 497 "-" "Mozilla/5.0 (compatible; Googlebot/2.1;  http://www.google.com/bot.html)"
23.95.35.79 - - [12/Apr/2015:06:52:46 +0200] "POST /xmlrpc.php HTTP/1.0" 403 497 "-" "Mozilla/5.0 (compatible; Googlebot/2.1;  http://www.google.com/bot.html)"
23.95.35.79 - - [12/Apr/2015:06:52:46 +0200] "-" 408 0 "-" "-"
23.95.35.79 - - [12/Apr/2015:06:52:46 +0200] "POST /xmlrpc.php HTTP/1.0" 403 497 "-" "Mozilla/5.0 (compatible; Googlebot/2.1;  http://www.google.com/bot.html)"
192.3.91.67 - - [12/Apr/2015:06:52:47 +0200] "POST /xmlrpc.php HTTP/1.0" 403 497 "-" "Mozilla/5.0 (compatible; Googlebot/2.1;  http://www.google.com/bot.html)"
192.3.91.67 - - [12/Apr/2015:06:52:48 +0200] "POST /xmlrpc.php HTTP/1.0" 403 497 "-" "Mozilla/5.0 (compatible; Googlebot/2.1;  http://www.google.com/bot.html)"
23.95.35.79 - - [12/Apr/2015:06:52:48 +0200] "-" 408 0 "-" "-"
192.3.91.67 - - [12/Apr/2015:06:52:48 +0200] "POST /xmlrpc.php HTTP/1.0" 403 497 "-" "Mozilla/5.0 (compatible; Googlebot/2.1;  http://www.google.com/bot.html)"
157.55.39.141 - - [12/Apr/2015:06:52:47 +0200] "GET /%7Eczajewsw/forum/viewtopic.php?p=4117 HTTP/1.1" 200 9901 "-" "Mozilla/5.0 (compatible; bingbot/2.0; +http://www.bing.com/bingbot.htm)"
192.3.91.67 - - [12/Apr/2015:06:52:48 +0200] "POST /xmlrpc.php HTTP/1.0" 403 497 "-" "Mozilla/5.0 (compatible; Googlebot/2.1;  http://www.google.com/bot.html)"
23.95.35.93 - - [12/Apr/2015:06:52:48 +0200] "POST /xmlrpc.php HTTP/1.0" 403 497 "-" "Mozilla/5.0 (compatible; Googlebot/2.1;  http://www.google.com/bot.html)"
23.95.35.79 - - [12/Apr/2015:06:52:49 +0200] "-" 408 0 "-" "-"
23.95.35.93 - - [12/Apr/2015:06:52:49 +0200] "POST /xmlrpc.php HTTP/1.0" 403 497 "-" "Mozilla/5.0 (compatible; Googlebot/2.1;  http://www.google.com/bot.html)"
23.95.35.93 - - [12/Apr/2015:06:52:49 +0200] "POST /xmlrpc.php HTTP/1.0" 403 497 "-" "Mozilla/5.0 (compatible; Googlebot/2.1;  http://www.google.com/bot.html)"
192.3.91.67 - - [12/Apr/2015:06:52:49 +0200] "POST /xmlrpc.php HTTP/1.0" 403 497 "-" "Mozilla/5.0 (compatible; Googlebot/2.1;  http://www.google.com/bot.html)"
23.95.35.93 - - [12/Apr/2015:06:52:50 +0200] "POST /xmlrpc.php HTTP/1.0" 403 497 "-" "Mozilla/5.0 (compatible; Googlebot/2.1;  http://www.google.com/bot.html)"
192.3.91.67 - - [12/Apr/2015:06:52:50 +0200] "POST /xmlrpc.php HTTP/1.0" 403 497 "-" "Mozilla/5.0 (compatible; Googlebot/2.1;  http://www.google.com/bot.html)"
192.3.91.67 - - [12/Apr/2015:06:52:50 +0200] "POST /xmlrpc.php HTTP/1.0" 403 497 "-" "Mozilla/5.0 (compatible; Googlebot/2.1;  http://www.google.com/bot.html)"
192.3.91.67 - - [12/Apr/2015:06:52:50 +0200] "POST /xmlrpc.php HTTP/1.0" 403 497 "-" "Mozilla/5.0 (compatible; Googlebot/2.1;  http://www.google.com/bot.html)"
157.55.39.141 - - [12/Apr/2015:06:52:50 +0200] "GET /%7Eczajewsw/forum/posting.php?mode=quote&p=3348 HTTP/1.1" 302 689 "-" "Mozilla/5.0 (compatible; bingbot/2.0; +http://www.bing.com/bingbot.htm)"
23.95.35.93 - - [12/Apr/2015:06:52:51 +0200] "POST /xmlrpc.php HTTP/1.0" 403 497 "-" "Mozilla/5.0 (compatible; Googlebot/2.1;  http://www.google.com/bot.html)"
23.95.35.93 - - [12/Apr/2015:06:52:51 +0200] "POST /xmlrpc.php HTTP/1.0" 403 497 "-" "Mozilla/5.0 (compatible; Googlebot/2.1;  http://www.google.com/bot.html)"
192.3.91.67 - - [12/Apr/2015:06:52:52 +0200] "POST /xmlrpc.php HTTP/1.0" 403 497 "-" "Mozilla/5.0 (compatible; Googlebot/2.1;  http://www.google.com/bot.html)"
23.95.35.79 - - [12/Apr/2015:06:52:52 +0200] "POST /xmlrpc.php HTTP/1.0" 403 497 "-" "Mozilla/5.0 (compatible; Googlebot/2.1;  http://www.google.com/bot.html)"
23.95.35.79 - - [12/Apr/2015:06:52:53 +0200] "POST /xmlrpc.php HTTP/1.0" 403 497 "-" "Mozilla/5.0 (compatible; Googlebot/2.1;  http://www.google.com/bot.html)"
23.95.35.79 - - [12/Apr/2015:06:52:54 +0200] "POST /xmlrpc.php HTTP/1.0" 403 497 "-" "Mozilla/5.0 (compatible; Googlebot/2.1;  http://www.google.com/bot.html)"
23.95.35.79 - - [12/Apr/2015:06:52:54 +0200] "POST /xmlrpc.php HTTP/1.0" 403 497 "-" "Mozilla/5.0 (compatible; Googlebot/2.1;  http://www.google.com/bot.html)"
23.95.35.79 - - [12/Apr/2015:06:52:54 +0200] "-" 408 0 "-" "-"
23.95.35.93 - - [12/Apr/2015:06:52:54 +0200] "POST /xmlrpc.php HTTP/1.0" 403 497 "-" "Mozilla/5.0 (compatible; Googlebot/2.1;  http://www.google.com/bot.html)"
