23.95.35.93 - - [12/Apr/2015:07:01:41 +0200] "POST /xmlrpc.php HTTP/1.0" 403 497 "-" "Mozilla/5.0 (compatible; Googlebot/2.1;  http://www.google.com/bot.html)"
23.95.35.93 - - [12/Apr/2015:07:01:41 +0200] "POST /xmlrpc.php HTTP/1.0" 403 497 "-" "Mozilla/5.0 (compatible; Googlebot/2.1;  http://www.google.com/bot.html)"
23.95.35.79 - - [12/Apr/2015:07:01:41 +0200] "POST /xmlrpc.php HTTP/1.0" 403 497 "-" "Mozilla/5.0 (compatible; Googlebot/2.1;  http://www.google.com/bot.html)"
23.95.35.79 - - [12/Apr/2015:07:01:42 +0200] "POST /xmlrpc.php HTTP/1.0" 403 497 "-" "Mozilla/5.0 (compatible; Googlebot/2.1;  http://www.google.com/bot.html)"
23.95.35.79 - - [12/Apr/2015:07:01:43 +0200] "POST /xmlrpc.php HTTP/1.0" 403 497 "-" "Mozilla/5.0 (compatible; Googlebot/2.1;  http://www.google.com/bot.html)"
23.95.35.93 - - [12/Apr/2015:07:01:43 +0200] "-" 408 0 "-" "-"
192.3.91.67 - - [12/Apr/2015:07:01:43 +0200] "POST /xmlrpc.php HTTP/1.0" 403 497 "-" "Mozilla/5.0 (compatible; Googlebot/2.1;  http://www.google.com/bot.html)"
23.95.35.79 - - [12/Apr/2015:07:01:43 +0200] "POST /xmlrpc.php HTTP/1.0" 403 497 "-" "Mozilla/5.0 (compatible; Googlebot/2.1;  http://www.google.com/bot.html)"
23.95.35.79 - - [12/Apr/2015:07:01:46 +0200] "-" 408 0 "-" "-"
192.3.91.67 - - [12/Apr/2015:07:01:46 +0200] "-" 408 0 "-" "-"
192.3.91.67 - - [12/Apr/2015:07:01:46 +0200] "POST /xmlrpc.php HTTP/1.0" 403 497 "-" "Mozilla/5.0 (compatible; Googlebot/2.1;  http://www.google.com/bot.html)"
192.3.91.67 - - [12/Apr/2015:07:01:47 +0200] "POST /xmlrpc.php HTTP/1.0" 403 497 "-" "Mozilla/5.0 (compatible; Googlebot/2.1;  http://www.google.com/bot.html)"
192.3.91.67 - - [12/Apr/2015:07:01:47 +0200] "POST /xmlrpc.php HTTP/1.0" 403 497 "-" "Mozilla/5.0 (compatible; Googlebot/2.1;  http://www.google.com/bot.html)"
23.95.35.79 - - [12/Apr/2015:07:01:47 +0200] "POST /xmlrpc.php HTTP/1.0" 403 497 "-" "Mozilla/5.0 (compatible; Googlebot/2.1;  http://www.google.com/bot.html)"
23.95.35.79 - - [12/Apr/2015:07:01:47 +0200] "-" 408 0 "-" "-"
192.3.91.67 - - [12/Apr/2015:07:01:47 +0200] "POST /xmlrpc.php HTTP/1.0" 403 497 "-" "Mozilla/5.0 (compatible; Googlebot/2.1;  http://www.google.com/bot.html)"
23.95.35.79 - - [12/Apr/2015:07:01:48 +0200] "POST /xmlrpc.php HTTP/1.0" 403 497 "-" "Mozilla/5.0 (compatible; Googlebot/2.1;  http://www.google.com/bot.html)"
192.3.91.67 - - [12/Apr/2015:07:01:48 +0200] "POST /xmlrpc.php HTTP/1.0" 403 497 "-" "Mozilla/5.0 (compatible; Googlebot/2.1;  http://www.google.com/bot.html)"
192.3.91.67 - - [12/Apr/2015:07:01:48 +0200] "POST /xmlrpc.php HTTP/1.0" 403 497 "-" "Mozilla/5.0 (compatible; Googlebot/2.1;  http://www.google.com/bot.html)"
192.3.91.67 - - [12/Apr/2015:07:01:49 +0200] "POST /xmlrpc.php HTTP/1.0" 403 497 "-" "Mozilla/5.0 (compatible; Googlebot/2.1;  http://www.google.com/bot.html)"
23.95.35.79 - - [12/Apr/2015:07:01:49 +0200] "-" 408 0 "-" "-"
192.3.91.67 - - [12/Apr/2015:07:01:49 +0200] "POST /xmlrpc.php HTTP/1.0" 403 497 "-" "Mozilla/5.0 (compatible; Googlebot/2.1;  http://www.google.com/bot.html)"
23.95.35.79 - - [12/Apr/2015:07:01:49 +0200] "POST /xmlrpc.php HTTP/1.0" 403 497 "-" "Mozilla/5.0 (compatible; Googlebot/2.1;  http://www.google.com/bot.html)"
192.3.91.67 - - [12/Apr/2015:07:01:49 +0200] "POST /xmlrpc.php HTTP/1.0" 403 497 "-" "Mozilla/5.0 (compatible; Googlebot/2.1;  http://www.google.com/bot.html)"
23.95.35.79 - - [12/Apr/2015:07:01:49 +0200] "POST /xmlrpc.php HTTP/1.0" 403 497 "-" "Mozilla/5.0 (compatible; Googlebot/2.1;  http://www.google.com/bot.html)"
23.95.35.79 - - [12/Apr/2015:07:01:49 +0200] "POST /xmlrpc.php HTTP/1.0" 403 497 "-" "Mozilla/5.0 (compatible; Googlebot/2.1;  http://www.google.com/bot.html)"
23.95.35.79 - - [12/Apr/2015:07:01:50 +0200] "POST /xmlrpc.php HTTP/1.0" 403 497 "-" "Mozilla/5.0 (compatible; Googlebot/2.1;  http://www.google.com/bot.html)"
23.95.35.79 - - [12/Apr/2015:07:01:50 +0200] "POST /xmlrpc.php HTTP/1.0" 403 497 "-" "Mozilla/5.0 (compatible; Googlebot/2.1;  http://www.google.com/bot.html)"
23.95.35.79 - - [12/Apr/2015:07:01:50 +0200] "POST /xmlrpc.php HTTP/1.0" 403 497 "-" "Mozilla/5.0 (compatible; Googlebot/2.1;  http://www.google.com/bot.html)"
192.3.91.67 - - [12/Apr/2015:07:01:50 +0200] "POST /xmlrpc.php HTTP/1.0" 403 497 "-" "Mozilla/5.0 (compatible; Googlebot/2.1;  http://www.google.com/bot.html)"
192.3.91.67 - - [12/Apr/2015:07:01:50 +0200] "POST /xmlrpc.php HTTP/1.0" 403 497 "-" "Mozilla/5.0 (compatible; Googlebot/2.1;  http://www.google.com/bot.html)"
23.95.35.93 - - [12/Apr/2015:07:01:51 +0200] "POST /xmlrpc.php HTTP/1.0" 403 497 "-" "Mozilla/5.0 (compatible; Googlebot/2.1;  http://www.google.com/bot.html)"
23.95.35.93 - - [12/Apr/2015:07:01:51 +0200] "POST /xmlrpc.php HTTP/1.0" 403 497 "-" "Mozilla/5.0 (compatible; Googlebot/2.1;  http://www.google.com/bot.html)"
23.95.35.93 - - [12/Apr/2015:07:01:52 +0200] "POST /xmlrpc.php HTTP/1.0" 403 497 "-" "Mozilla/5.0 (compatible; Googlebot/2.1;  http://www.google.com/bot.html)"
23.95.35.93 - - [12/Apr/2015:07:01:52 +0200] "POST /xmlrpc.php HTTP/1.0" 403 497 "-" "Mozilla/5.0 (compatible; Googlebot/2.1;  http://www.google.com/bot.html)"
23.95.35.79 - - [12/Apr/2015:07:01:52 +0200] "POST /xmlrpc.php HTTP/1.0" 403 497 "-" "Mozilla/5.0 (compatible; Googlebot/2.1;  http://www.google.com/bot.html)"
23.95.35.79 - - [12/Apr/2015:07:01:52 +0200] "-" 408 0 "-" "-"
89.231.96.70 - - [12/Apr/2015:07:01:52 +0200] "GET /img/public/f5.jpg HTTP/1.0" 404 31497 "-" "Watcher/0.56 (SH; Linux x86_64; rv: 0.56 wersja prebeta :-) )"
23.95.35.79 - - [12/Apr/2015:07:01:53 +0200] "POST /xmlrpc.php HTTP/1.0" 403 497 "-" "Mozilla/5.0 (compatible; Googlebot/2.1;  http://www.google.com/bot.html)"
23.95.35.79 - - [12/Apr/2015:07:01:53 +0200] "POST /xmlrpc.php HTTP/1.0" 403 497 "-" "Mozilla/5.0 (compatible; Googlebot/2.1;  http://www.google.com/bot.html)"
23.95.35.93 - - [12/Apr/2015:07:01:54 +0200] "-" 408 0 "-" "-"
192.3.91.67 - - [12/Apr/2015:07:01:54 +0200] "POST /xmlrpc.php HTTP/1.0" 403 497 "-" "Mozilla/5.0 (compatible; Googlebot/2.1;  http://www.google.com/bot.html)"
192.3.91.67 - - [12/Apr/2015:07:01:54 +0200] "POST /xmlrpc.php HTTP/1.0" 403 497 "-" "Mozilla/5.0 (compatible; Googlebot/2.1;  http://www.google.com/bot.html)"
192.3.91.67 - - [12/Apr/2015:07:01:54 +0200] "POST /xmlrpc.php HTTP/1.0" 403 497 "-" "Mozilla/5.0 (compatible; Googlebot/2.1;  http://www.google.com/bot.html)"
23.95.35.79 - - [12/Apr/2015:07:01:55 +0200] "POST /xmlrpc.php HTTP/1.0" 403 497 "-" "Mozilla/5.0 (compatible; Googlebot/2.1;  http://www.google.com/bot.html)"
23.95.35.93 - - [12/Apr/2015:07:01:55 +0200] "POST /xmlrpc.php HTTP/1.0" 403 497 "-" "Mozilla/5.0 (compatible; Googlebot/2.1;  http://www.google.com/bot.html)"
23.95.35.93 - - [12/Apr/2015:07:01:56 +0200] "POST /xmlrpc.php HTTP/1.0" 403 497 "-" "Mozilla/5.0 (compatible; Googlebot/2.1;  http://www.google.com/bot.html)"
23.95.35.93 - - [12/Apr/2015:07:01:56 +0200] "POST /xmlrpc.php HTTP/1.0" 403 497 "-" "Mozilla/5.0 (compatible; Googlebot/2.1;  http://www.google.com/bot.html)"
23.95.35.93 - - [12/Apr/2015:07:01:56 +0200] "POST /xmlrpc.php HTTP/1.0" 403 497 "-" "Mozilla/5.0 (compatible; Googlebot/2.1;  http://www.google.com/bot.html)"
23.95.35.93 - - [12/Apr/2015:07:01:57 +0200] "POST /xmlrpc.php HTTP/1.0" 403 497 "-" "Mozilla/5.0 (compatible; Googlebot/2.1;  http://www.google.com/bot.html)"
23.95.35.93 - - [12/Apr/2015:07:01:57 +0200] "POST /xmlrpc.php HTTP/1.0" 403 497 "-" "Mozilla/5.0 (compatible; Googlebot/2.1;  http://www.google.com/bot.html)"
192.3.91.67 - - [12/Apr/2015:07:01:57 +0200] "POST /xmlrpc.php HTTP/1.0" 403 497 "-" "Mozilla/5.0 (compatible; Googlebot/2.1;  http://www.google.com/bot.html)"
23.95.35.93 - - [12/Apr/2015:07:01:57 +0200] "POST /xmlrpc.php HTTP/1.0" 403 497 "-" "Mozilla/5.0 (compatible; Googlebot/2.1;  http://www.google.com/bot.html)"
23.95.35.93 - - [12/Apr/2015:07:01:58 +0200] "POST /xmlrpc.php HTTP/1.0" 403 497 "-" "Mozilla/5.0 (compatible; Googlebot/2.1;  http://www.google.com/bot.html)"
192.3.91.67 - - [12/Apr/2015:07:01:58 +0200] "POST /xmlrpc.php HTTP/1.0" 403 497 "-" "Mozilla/5.0 (compatible; Googlebot/2.1;  http://www.google.com/bot.html)"
23.95.35.93 - - [12/Apr/2015:07:01:58 +0200] "POST /xmlrpc.php HTTP/1.0" 403 497 "-" "Mozilla/5.0 (compatible; Googlebot/2.1;  http://www.google.com/bot.html)"
23.95.35.93 - - [12/Apr/2015:07:01:58 +0200] "POST /xmlrpc.php HTTP/1.0" 403 497 "-" "Mozilla/5.0 (compatible; Googlebot/2.1;  http://www.google.com/bot.html)"
192.3.91.67 - - [12/Apr/2015:07:01:58 +0200] "POST /xmlrpc.php HTTP/1.0" 403 497 "-" "Mozilla/5.0 (compatible; Googlebot/2.1;  http://www.google.com/bot.html)"
23.95.35.93 - - [12/Apr/2015:07:01:58 +0200] "POST /xmlrpc.php HTTP/1.0" 403 497 "-" "Mozilla/5.0 (compatible; Googlebot/2.1;  http://www.google.com/bot.html)"
23.95.35.93 - - [12/Apr/2015:07:01:58 +0200] "POST /xmlrpc.php HTTP/1.0" 403 497 "-" "Mozilla/5.0 (compatible; Googlebot/2.1;  http://www.google.com/bot.html)"
23.95.35.93 - - [12/Apr/2015:07:01:59 +0200] "POST /xmlrpc.php HTTP/1.0" 403 497 "-" "Mozilla/5.0 (compatible; Googlebot/2.1;  http://www.google.com/bot.html)"
192.3.91.67 - - [12/Apr/2015:07:01:59 +0200] "POST /xmlrpc.php HTTP/1.0" 403 497 "-" "Mozilla/5.0 (compatible; Googlebot/2.1;  http://www.google.com/bot.html)"
192.3.91.67 - - [12/Apr/2015:07:02:00 +0200] "POST /xmlrpc.php HTTP/1.0" 403 497 "-" "Mozilla/5.0 (compatible; Googlebot/2.1;  http://www.google.com/bot.html)"
192.3.91.67 - - [12/Apr/2015:07:02:00 +0200] "POST /xmlrpc.php HTTP/1.0" 403 497 "-" "Mozilla/5.0 (compatible; Googlebot/2.1;  http://www.google.com/bot.html)"
23.95.35.79 - - [12/Apr/2015:07:02:00 +0200] "POST /xmlrpc.php HTTP/1.0" 403 497 "-" "Mozilla/5.0 (compatible; Googlebot/2.1;  http://www.google.com/bot.html)"
89.231.96.70 - - [12/Apr/2015:07:02:01 +0200] "GET /text/174 HTTP/1.0" 302 553 "-" "Watcher/0.56 (SH; Linux x86_64; rv: 0.56 wersja prebeta :-) )"
23.95.35.93 - - [12/Apr/2015:07:02:04 +0200] "-" 408 0 "-" "-"
192.3.91.67 - - [12/Apr/2015:07:02:04 +0200] "POST /xmlrpc.php HTTP/1.0" 403 497 "-" "Mozilla/5.0 (compatible; Googlebot/2.1;  http://www.google.com/bot.html)"
192.3.91.67 - - [12/Apr/2015:07:02:05 +0200] "POST /xmlrpc.php HTTP/1.0" 403 497 "-" "Mozilla/5.0 (compatible; Googlebot/2.1;  http://www.google.com/bot.html)"
192.3.91.67 - - [12/Apr/2015:07:02:05 +0200] "POST /xmlrpc.php HTTP/1.0" 403 497 "-" "Mozilla/5.0 (compatible; Googlebot/2.1;  http://www.google.com/bot.html)"
192.3.91.67 - - [12/Apr/2015:07:02:05 +0200] "POST /xmlrpc.php HTTP/1.0" 403 497 "-" "Mozilla/5.0 (compatible; Googlebot/2.1;  http://www.google.com/bot.html)"
23.95.35.93 - - [12/Apr/2015:07:02:05 +0200] "POST /xmlrpc.php HTTP/1.0" 403 497 "-" "Mozilla/5.0 (compatible; Googlebot/2.1;  http://www.google.com/bot.html)"
192.3.91.67 - - [12/Apr/2015:07:02:05 +0200] "POST /xmlrpc.php HTTP/1.0" 403 497 "-" "Mozilla/5.0 (compatible; Googlebot/2.1;  http://www.google.com/bot.html)"
23.95.35.93 - - [12/Apr/2015:07:02:05 +0200] "POST /xmlrpc.php HTTP/1.0" 403 497 "-" "Mozilla/5.0 (compatible; Googlebot/2.1;  http://www.google.com/bot.html)"
23.95.35.79 - - [12/Apr/2015:07:02:06 +0200] "POST /xmlrpc.php HTTP/1.0" 403 497 "-" "Mozilla/5.0 (compatible; Googlebot/2.1;  http://www.google.com/bot.html)"
192.3.91.67 - - [12/Apr/2015:07:02:06 +0200] "POST /xmlrpc.php HTTP/1.0" 403 497 "-" "Mozilla/5.0 (compatible; Googlebot/2.1;  http://www.google.com/bot.html)"
192.3.91.67 - - [12/Apr/2015:07:02:06 +0200] "POST /xmlrpc.php HTTP/1.0" 403 497 "-" "Mozilla/5.0 (compatible; Googlebot/2.1;  http://www.google.com/bot.html)"
192.3.91.67 - - [12/Apr/2015:07:02:06 +0200] "POST /xmlrpc.php HTTP/1.0" 403 497 "-" "Mozilla/5.0 (compatible; Googlebot/2.1;  http://www.google.com/bot.html)"
192.3.91.67 - - [12/Apr/2015:07:02:06 +0200] "POST /xmlrpc.php HTTP/1.0" 403 497 "-" "Mozilla/5.0 (compatible; Googlebot/2.1;  http://www.google.com/bot.html)"
192.3.91.67 - - [12/Apr/2015:07:02:07 +0200] "POST /xmlrpc.php HTTP/1.0" 403 497 "-" "Mozilla/5.0 (compatible; Googlebot/2.1;  http://www.google.com/bot.html)"
192.3.91.67 - - [12/Apr/2015:07:02:07 +0200] "POST /xmlrpc.php HTTP/1.0" 403 497 "-" "Mozilla/5.0 (compatible; Googlebot/2.1;  http://www.google.com/bot.html)"
192.3.91.67 - - [12/Apr/2015:07:02:07 +0200] "POST /xmlrpc.php HTTP/1.0" 403 497 "-" "Mozilla/5.0 (compatible; Googlebot/2.1;  http://www.google.com/bot.html)"
192.3.91.67 - - [12/Apr/2015:07:02:07 +0200] "POST /xmlrpc.php HTTP/1.0" 403 497 "-" "Mozilla/5.0 (compatible; Googlebot/2.1;  http://www.google.com/bot.html)"
23.95.35.79 - - [12/Apr/2015:07:02:07 +0200] "POST /xmlrpc.php HTTP/1.0" 403 497 "-" "Mozilla/5.0 (compatible; Googlebot/2.1;  http://www.google.com/bot.html)"
192.3.91.67 - - [12/Apr/2015:07:02:07 +0200] "POST /xmlrpc.php HTTP/1.0" 403 497 "-" "Mozilla/5.0 (compatible; Googlebot/2.1;  http://www.google.com/bot.html)"
23.95.35.79 - - [12/Apr/2015:07:02:07 +0200] "POST /xmlrpc.php HTTP/1.0" 403 497 "-" "Mozilla/5.0 (compatible; Googlebot/2.1;  http://www.google.com/bot.html)"
23.95.35.79 - - [12/Apr/2015:07:02:07 +0200] "POST /xmlrpc.php HTTP/1.0" 403 497 "-" "Mozilla/5.0 (compatible; Googlebot/2.1;  http://www.google.com/bot.html)"
192.3.91.67 - - [12/Apr/2015:07:02:08 +0200] "POST /xmlrpc.php HTTP/1.0" 403 497 "-" "Mozilla/5.0 (compatible; Googlebot/2.1;  http://www.google.com/bot.html)"
23.95.35.79 - - [12/Apr/2015:07:02:08 +0200] "POST /xmlrpc.php HTTP/1.0" 403 497 "-" "Mozilla/5.0 (compatible; Googlebot/2.1;  http://www.google.com/bot.html)"
192.3.91.67 - - [12/Apr/2015:07:02:08 +0200] "-" 408 0 "-" "-"
23.95.35.79 - - [12/Apr/2015:07:02:08 +0200] "POST /xmlrpc.php HTTP/1.0" 403 497 "-" "Mozilla/5.0 (compatible; Googlebot/2.1;  http://www.google.com/bot.html)"
23.95.35.79 - - [12/Apr/2015:07:02:08 +0200] "POST /xmlrpc.php HTTP/1.0" 403 497 "-" "Mozilla/5.0 (compatible; Googlebot/2.1;  http://www.google.com/bot.html)"
23.95.35.79 - - [12/Apr/2015:07:02:08 +0200] "POST /xmlrpc.php HTTP/1.0" 403 497 "-" "Mozilla/5.0 (compatible; Googlebot/2.1;  http://www.google.com/bot.html)"
23.95.35.93 - - [12/Apr/2015:07:02:09 +0200] "POST /xmlrpc.php HTTP/1.0" 403 497 "-" "Mozilla/5.0 (compatible; Googlebot/2.1;  http://www.google.com/bot.html)"
23.95.35.93 - - [12/Apr/2015:07:02:09 +0200] "POST /xmlrpc.php HTTP/1.0" 403 497 "-" "Mozilla/5.0 (compatible; Googlebot/2.1;  http://www.google.com/bot.html)"
23.95.35.93 - - [12/Apr/2015:07:02:09 +0200] "POST /xmlrpc.php HTTP/1.0" 403 497 "-" "Mozilla/5.0 (compatible; Googlebot/2.1;  http://www.google.com/bot.html)"
23.95.35.93 - - [12/Apr/2015:07:02:09 +0200] "POST /xmlrpc.php HTTP/1.0" 403 497 "-" "Mozilla/5.0 (compatible; Googlebot/2.1;  http://www.google.com/bot.html)"
23.95.35.79 - - [12/Apr/2015:07:02:09 +0200] "POST /xmlrpc.php HTTP/1.0" 403 497 "-" "Mozilla/5.0 (compatible; Googlebot/2.1;  http://www.google.com/bot.html)"
23.95.35.79 - - [12/Apr/2015:07:02:09 +0200] "POST /xmlrpc.php HTTP/1.0" 403 497 "-" "Mozilla/5.0 (compatible; Googlebot/2.1;  http://www.google.com/bot.html)"
23.95.35.93 - - [12/Apr/2015:07:02:10 +0200] "POST /xmlrpc.php HTTP/1.0" 403 497 "-" "Mozilla/5.0 (compatible; Googlebot/2.1;  http://www.google.com/bot.html)"
192.3.91.67 - - [12/Apr/2015:07:02:10 +0200] "-" 408 0 "-" "-"
23.95.35.79 - - [12/Apr/2015:07:02:10 +0200] "POST /xmlrpc.php HTTP/1.0" 403 497 "-" "Mozilla/5.0 (compatible; Googlebot/2.1;  http://www.google.com/bot.html)"
23.95.35.93 - - [12/Apr/2015:07:02:10 +0200] "POST /xmlrpc.php HTTP/1.0" 403 497 "-" "Mozilla/5.0 (compatible; Googlebot/2.1;  http://www.google.com/bot.html)"
23.95.35.79 - - [12/Apr/2015:07:02:10 +0200] "POST /xmlrpc.php HTTP/1.0" 403 497 "-" "Mozilla/5.0 (compatible; Googlebot/2.1;  http://www.google.com/bot.html)"
23.95.35.93 - - [12/Apr/2015:07:02:10 +0200] "POST /xmlrpc.php HTTP/1.0" 403 497 "-" "Mozilla/5.0 (compatible; Googlebot/2.1;  http://www.google.com/bot.html)"
23.95.35.79 - - [12/Apr/2015:07:02:10 +0200] "POST /xmlrpc.php HTTP/1.0" 403 497 "-" "Mozilla/5.0 (compatible; Googlebot/2.1;  http://www.google.com/bot.html)"
192.3.91.67 - - [12/Apr/2015:07:02:11 +0200] "POST /xmlrpc.php HTTP/1.0" 403 497 "-" "Mozilla/5.0 (compatible; Googlebot/2.1;  http://www.google.com/bot.html)"
23.95.35.93 - - [12/Apr/2015:07:02:11 +0200] "POST /xmlrpc.php HTTP/1.0" 403 497 "-" "Mozilla/5.0 (compatible; Googlebot/2.1;  http://www.google.com/bot.html)"
192.3.91.67 - - [12/Apr/2015:07:02:11 +0200] "POST /xmlrpc.php HTTP/1.0" 403 497 "-" "Mozilla/5.0 (compatible; Googlebot/2.1;  http://www.google.com/bot.html)"
23.95.35.93 - - [12/Apr/2015:07:02:11 +0200] "POST /xmlrpc.php HTTP/1.0" 403 497 "-" "Mozilla/5.0 (compatible; Googlebot/2.1;  http://www.google.com/bot.html)"
192.3.91.67 - - [12/Apr/2015:07:02:14 +0200] "POST /xmlrpc.php HTTP/1.0" 403 497 "-" "Mozilla/5.0 (compatible; Googlebot/2.1;  http://www.google.com/bot.html)"
23.95.35.93 - - [12/Apr/2015:07:02:14 +0200] "POST /xmlrpc.php HTTP/1.0" 403 497 "-" "Mozilla/5.0 (compatible; Googlebot/2.1;  http://www.google.com/bot.html)"
23.95.35.93 - - [12/Apr/2015:07:02:15 +0200] "POST /xmlrpc.php HTTP/1.0" 403 497 "-" "Mozilla/5.0 (compatible; Googlebot/2.1;  http://www.google.com/bot.html)"
23.95.35.93 - - [12/Apr/2015:07:02:16 +0200] "POST /xmlrpc.php HTTP/1.0" 403 497 "-" "Mozilla/5.0 (compatible; Googlebot/2.1;  http://www.google.com/bot.html)"
157.55.39.198 - - [12/Apr/2015:07:02:15 +0200] "GET /%7Eczajewsw/forum/viewtopic.php?p=2190 HTTP/1.1" 200 13764 "-" "Mozilla/5.0 (compatible; bingbot/2.0; +http://www.bing.com/bingbot.htm)"
192.3.91.67 - - [12/Apr/2015:07:02:17 +0200] "POST /xmlrpc.php HTTP/1.0" 403 497 "-" "Mozilla/5.0 (compatible; Googlebot/2.1;  http://www.google.com/bot.html)"
23.95.35.93 - - [12/Apr/2015:07:02:17 +0200] "POST /xmlrpc.php HTTP/1.0" 403 497 "-" "Mozilla/5.0 (compatible; Googlebot/2.1;  http://www.google.com/bot.html)"
192.3.91.67 - - [12/Apr/2015:07:02:17 +0200] "POST /xmlrpc.php HTTP/1.0" 403 497 "-" "Mozilla/5.0 (compatible; Googlebot/2.1;  http://www.google.com/bot.html)"
23.95.35.93 - - [12/Apr/2015:07:02:17 +0200] "POST /xmlrpc.php HTTP/1.0" 403 497 "-" "Mozilla/5.0 (compatible; Googlebot/2.1;  http://www.google.com/bot.html)"
23.95.35.93 - - [12/Apr/2015:07:02:17 +0200] "POST /xmlrpc.php HTTP/1.0" 403 497 "-" "Mozilla/5.0 (compatible; Googlebot/2.1;  http://www.google.com/bot.html)"
23.95.35.93 - - [12/Apr/2015:07:02:17 +0200] "POST /xmlrpc.php HTTP/1.0" 403 497 "-" "Mozilla/5.0 (compatible; Googlebot/2.1;  http://www.google.com/bot.html)"
23.95.35.93 - - [12/Apr/2015:07:02:17 +0200] "POST /xmlrpc.php HTTP/1.0" 403 497 "-" "Mozilla/5.0 (compatible; Googlebot/2.1;  http://www.google.com/bot.html)"
23.95.35.93 - - [12/Apr/2015:07:02:18 +0200] "POST /xmlrpc.php HTTP/1.0" 403 497 "-" "Mozilla/5.0 (compatible; Googlebot/2.1;  http://www.google.com/bot.html)"
23.95.35.93 - - [12/Apr/2015:07:02:18 +0200] "POST /xmlrpc.php HTTP/1.0" 403 497 "-" "Mozilla/5.0 (compatible; Googlebot/2.1;  http://www.google.com/bot.html)"
157.55.39.141 - - [12/Apr/2015:07:02:19 +0200] "GET /~plewkag/graf/gal/tmg/1980.jpg HTTP/1.1" 200 7068 "-" "msnbot-media/1.1 (+http://search.msn.com/msnbot.htm)"
23.95.35.79 - - [12/Apr/2015:07:02:20 +0200] "POST /xmlrpc.php HTTP/1.0" 403 497 "-" "Mozilla/5.0 (compatible; Googlebot/2.1;  http://www.google.com/bot.html)"
23.95.35.79 - - [12/Apr/2015:07:02:20 +0200] "POST /xmlrpc.php HTTP/1.0" 403 497 "-" "Mozilla/5.0 (compatible; Googlebot/2.1;  http://www.google.com/bot.html)"
23.95.35.93 - - [12/Apr/2015:07:02:21 +0200] "POST /xmlrpc.php HTTP/1.0" 403 497 "-" "Mozilla/5.0 (compatible; Googlebot/2.1;  http://www.google.com/bot.html)"
23.95.35.79 - - [12/Apr/2015:07:02:21 +0200] "POST /xmlrpc.php HTTP/1.0" 403 497 "-" "Mozilla/5.0 (compatible; Googlebot/2.1;  http://www.google.com/bot.html)"
23.95.35.93 - - [12/Apr/2015:07:02:22 +0200] "POST /xmlrpc.php HTTP/1.0" 403 497 "-" "Mozilla/5.0 (compatible; Googlebot/2.1;  http://www.google.com/bot.html)"
23.95.35.93 - - [12/Apr/2015:07:02:22 +0200] "POST /xmlrpc.php HTTP/1.0" 403 497 "-" "Mozilla/5.0 (compatible; Googlebot/2.1;  http://www.google.com/bot.html)"
23.95.35.93 - - [12/Apr/2015:07:02:22 +0200] "POST /xmlrpc.php HTTP/1.0" 403 497 "-" "Mozilla/5.0 (compatible; Googlebot/2.1;  http://www.google.com/bot.html)"
23.95.35.79 - - [12/Apr/2015:07:02:24 +0200] "POST /xmlrpc.php HTTP/1.0" 403 497 "-" "Mozilla/5.0 (compatible; Googlebot/2.1;  http://www.google.com/bot.html)"
23.95.35.93 - - [12/Apr/2015:07:02:24 +0200] "POST /xmlrpc.php HTTP/1.0" 403 497 "-" "Mozilla/5.0 (compatible; Googlebot/2.1;  http://www.google.com/bot.html)"
23.95.35.79 - - [12/Apr/2015:07:02:24 +0200] "POST /xmlrpc.php HTTP/1.0" 403 497 "-" "Mozilla/5.0 (compatible; Googlebot/2.1;  http://www.google.com/bot.html)"
23.95.35.93 - - [12/Apr/2015:07:02:25 +0200] "POST /xmlrpc.php HTTP/1.0" 403 497 "-" "Mozilla/5.0 (compatible; Googlebot/2.1;  http://www.google.com/bot.html)"
23.95.35.93 - - [12/Apr/2015:07:02:25 +0200] "POST /xmlrpc.php HTTP/1.0" 403 497 "-" "Mozilla/5.0 (compatible; Googlebot/2.1;  http://www.google.com/bot.html)"
23.95.35.93 - - [12/Apr/2015:07:02:25 +0200] "POST /xmlrpc.php HTTP/1.0" 403 497 "-" "Mozilla/5.0 (compatible; Googlebot/2.1;  http://www.google.com/bot.html)"
192.3.91.67 - - [12/Apr/2015:07:02:25 +0200] "POST /xmlrpc.php HTTP/1.0" 403 497 "-" "Mozilla/5.0 (compatible; Googlebot/2.1;  http://www.google.com/bot.html)"
23.95.35.93 - - [12/Apr/2015:07:02:26 +0200] "POST /xmlrpc.php HTTP/1.0" 403 497 "-" "Mozilla/5.0 (compatible; Googlebot/2.1;  http://www.google.com/bot.html)"
192.3.91.67 - - [12/Apr/2015:07:02:27 +0200] "POST /xmlrpc.php HTTP/1.0" 403 497 "-" "Mozilla/5.0 (compatible; Googlebot/2.1;  http://www.google.com/bot.html)"
23.95.35.79 - - [12/Apr/2015:07:02:27 +0200] "POST /xmlrpc.php HTTP/1.0" 403 497 "-" "Mozilla/5.0 (compatible; Googlebot/2.1;  http://www.google.com/bot.html)"
23.95.35.79 - - [12/Apr/2015:07:02:27 +0200] "POST /xmlrpc.php HTTP/1.0" 403 497 "-" "Mozilla/5.0 (compatible; Googlebot/2.1;  http://www.google.com/bot.html)"
23.95.35.79 - - [12/Apr/2015:07:02:27 +0200] "POST /xmlrpc.php HTTP/1.0" 403 497 "-" "Mozilla/5.0 (compatible; Googlebot/2.1;  http://www.google.com/bot.html)"
23.95.35.79 - - [12/Apr/2015:07:02:28 +0200] "POST /xmlrpc.php HTTP/1.0" 403 497 "-" "Mozilla/5.0 (compatible; Googlebot/2.1;  http://www.google.com/bot.html)"
23.95.35.93 - - [12/Apr/2015:07:02:28 +0200] "POST /xmlrpc.php HTTP/1.0" 403 497 "-" "Mozilla/5.0 (compatible; Googlebot/2.1;  http://www.google.com/bot.html)"
23.95.35.79 - - [12/Apr/2015:07:02:29 +0200] "POST /xmlrpc.php HTTP/1.0" 403 497 "-" "Mozilla/5.0 (compatible; Googlebot/2.1;  http://www.google.com/bot.html)"
192.3.91.67 - - [12/Apr/2015:07:02:29 +0200] "-" 408 0 "-" "-"
23.95.35.79 - - [12/Apr/2015:07:02:29 +0200] "POST /xmlrpc.php HTTP/1.0" 403 497 "-" "Mozilla/5.0 (compatible; Googlebot/2.1;  http://www.google.com/bot.html)"
192.3.91.67 - - [12/Apr/2015:07:02:30 +0200] "POST /xmlrpc.php HTTP/1.0" 403 497 "-" "Mozilla/5.0 (compatible; Googlebot/2.1;  http://www.google.com/bot.html)"
192.3.91.67 - - [12/Apr/2015:07:02:32 +0200] "POST /xmlrpc.php HTTP/1.0" 403 497 "-" "Mozilla/5.0 (compatible; Googlebot/2.1;  http://www.google.com/bot.html)"
192.3.91.67 - - [12/Apr/2015:07:02:32 +0200] "POST /xmlrpc.php HTTP/1.0" 403 497 "-" "Mozilla/5.0 (compatible; Googlebot/2.1;  http://www.google.com/bot.html)"
23.95.35.93 - - [12/Apr/2015:07:02:33 +0200] "POST /xmlrpc.php HTTP/1.0" 403 497 "-" "Mozilla/5.0 (compatible; Googlebot/2.1;  http://www.google.com/bot.html)"
192.3.91.67 - - [12/Apr/2015:07:02:33 +0200] "POST /xmlrpc.php HTTP/1.0" 403 497 "-" "Mozilla/5.0 (compatible; Googlebot/2.1;  http://www.google.com/bot.html)"
192.3.91.67 - - [12/Apr/2015:07:02:33 +0200] "POST /xmlrpc.php HTTP/1.0" 403 497 "-" "Mozilla/5.0 (compatible; Googlebot/2.1;  http://www.google.com/bot.html)"
192.3.91.67 - - [12/Apr/2015:07:02:35 +0200] "POST /xmlrpc.php HTTP/1.0" 403 497 "-" "Mozilla/5.0 (compatible; Googlebot/2.1;  http://www.google.com/bot.html)"
192.3.91.67 - - [12/Apr/2015:07:02:35 +0200] "POST /xmlrpc.php HTTP/1.0" 403 497 "-" "Mozilla/5.0 (compatible; Googlebot/2.1;  http://www.google.com/bot.html)"
192.3.91.67 - - [12/Apr/2015:07:02:35 +0200] "POST /xmlrpc.php HTTP/1.0" 403 497 "-" "Mozilla/5.0 (compatible; Googlebot/2.1;  http://www.google.com/bot.html)"
192.3.91.67 - - [12/Apr/2015:07:02:35 +0200] "POST /xmlrpc.php HTTP/1.0" 403 497 "-" "Mozilla/5.0 (compatible; Googlebot/2.1;  http://www.google.com/bot.html)"
192.3.91.67 - - [12/Apr/2015:07:02:35 +0200] "POST /xmlrpc.php HTTP/1.0" 403 497 "-" "Mozilla/5.0 (compatible; Googlebot/2.1;  http://www.google.com/bot.html)"
192.3.91.67 - - [12/Apr/2015:07:02:37 +0200] "POST /xmlrpc.php HTTP/1.0" 403 497 "-" "Mozilla/5.0 (compatible; Googlebot/2.1;  http://www.google.com/bot.html)"
192.3.91.67 - - [12/Apr/2015:07:02:37 +0200] "POST /xmlrpc.php HTTP/1.0" 403 497 "-" "Mozilla/5.0 (compatible; Googlebot/2.1;  http://www.google.com/bot.html)"
192.3.91.67 - - [12/Apr/2015:07:02:37 +0200] "POST /xmlrpc.php HTTP/1.0" 403 497 "-" "Mozilla/5.0 (compatible; Googlebot/2.1;  http://www.google.com/bot.html)"
192.3.91.67 - - [12/Apr/2015:07:02:38 +0200] "POST /xmlrpc.php HTTP/1.0" 403 497 "-" "Mozilla/5.0 (compatible; Googlebot/2.1;  http://www.google.com/bot.html)"
89.231.96.70 - - [12/Apr/2015:07:02:37 +0200] "GET /img/public/f5.jpg HTTP/1.0" 404 31497 "-" "Watcher/0.56 (SH; Linux x86_64; rv: 0.56 wersja prebeta :-) )"
192.3.91.67 - - [12/Apr/2015:07:02:38 +0200] "POST /xmlrpc.php HTTP/1.0" 403 497 "-" "Mozilla/5.0 (compatible; Googlebot/2.1;  http://www.google.com/bot.html)"
23.95.35.93 - - [12/Apr/2015:07:02:38 +0200] "POST /xmlrpc.php HTTP/1.0" 403 497 "-" "Mozilla/5.0 (compatible; Googlebot/2.1;  http://www.google.com/bot.html)"
192.3.91.67 - - [12/Apr/2015:07:02:39 +0200] "POST /xmlrpc.php HTTP/1.0" 403 497 "-" "Mozilla/5.0 (compatible; Googlebot/2.1;  http://www.google.com/bot.html)"
192.3.91.67 - - [12/Apr/2015:07:02:39 +0200] "POST /xmlrpc.php HTTP/1.0" 403 497 "-" "Mozilla/5.0 (compatible; Googlebot/2.1;  http://www.google.com/bot.html)"
192.3.91.67 - - [12/Apr/2015:07:02:39 +0200] "POST /xmlrpc.php HTTP/1.0" 403 497 "-" "Mozilla/5.0 (compatible; Googlebot/2.1;  http://www.google.com/bot.html)"
23.95.35.93 - - [12/Apr/2015:07:02:39 +0200] "POST /xmlrpc.php HTTP/1.0" 403 497 "-" "Mozilla/5.0 (compatible; Googlebot/2.1;  http://www.google.com/bot.html)"
192.3.91.67 - - [12/Apr/2015:07:02:40 +0200] "POST /xmlrpc.php HTTP/1.0" 403 497 "-" "Mozilla/5.0 (compatible; Googlebot/2.1;  http://www.google.com/bot.html)"
192.3.91.67 - - [12/Apr/2015:07:02:41 +0200] "POST /xmlrpc.php HTTP/1.0" 403 497 "-" "Mozilla/5.0 (compatible; Googlebot/2.1;  http://www.google.com/bot.html)"
23.95.35.79 - - [12/Apr/2015:07:02:41 +0200] "POST /xmlrpc.php HTTP/1.0" 403 497 "-" "Mozilla/5.0 (compatible; Googlebot/2.1;  http://www.google.com/bot.html)"
192.3.91.67 - - [12/Apr/2015:07:02:41 +0200] "POST /xmlrpc.php HTTP/1.0" 403 497 "-" "Mozilla/5.0 (compatible; Googlebot/2.1;  http://www.google.com/bot.html)"
23.95.35.79 - - [12/Apr/2015:07:02:41 +0200] "POST /xmlrpc.php HTTP/1.0" 403 497 "-" "Mozilla/5.0 (compatible; Googlebot/2.1;  http://www.google.com/bot.html)"
192.3.91.67 - - [12/Apr/2015:07:02:41 +0200] "POST /xmlrpc.php HTTP/1.0" 403 497 "-" "Mozilla/5.0 (compatible; Googlebot/2.1;  http://www.google.com/bot.html)"
23.95.35.79 - - [12/Apr/2015:07:02:41 +0200] "POST /xmlrpc.php HTTP/1.0" 403 497 "-" "Mozilla/5.0 (compatible; Googlebot/2.1;  http://www.google.com/bot.html)"
192.3.91.67 - - [12/Apr/2015:07:02:41 +0200] "POST /xmlrpc.php HTTP/1.0" 403 497 "-" "Mozilla/5.0 (compatible; Googlebot/2.1;  http://www.google.com/bot.html)"
192.3.91.67 - - [12/Apr/2015:07:02:42 +0200] "POST /xmlrpc.php HTTP/1.0" 403 497 "-" "Mozilla/5.0 (compatible; Googlebot/2.1;  http://www.google.com/bot.html)"
23.95.35.93 - - [12/Apr/2015:07:02:43 +0200] "POST /xmlrpc.php HTTP/1.0" 403 497 "-" "Mozilla/5.0 (compatible; Googlebot/2.1;  http://www.google.com/bot.html)"
23.95.35.93 - - [12/Apr/2015:07:02:43 +0200] "POST /xmlrpc.php HTTP/1.0" 403 497 "-" "Mozilla/5.0 (compatible; Googlebot/2.1;  http://www.google.com/bot.html)"
23.95.35.93 - - [12/Apr/2015:07:02:43 +0200] "POST /xmlrpc.php HTTP/1.0" 403 497 "-" "Mozilla/5.0 (compatible; Googlebot/2.1;  http://www.google.com/bot.html)"
23.95.35.93 - - [12/Apr/2015:07:02:44 +0200] "POST /xmlrpc.php HTTP/1.0" 403 497 "-" "Mozilla/5.0 (compatible; Googlebot/2.1;  http://www.google.com/bot.html)"
23.95.35.93 - - [12/Apr/2015:07:02:44 +0200] "POST /xmlrpc.php HTTP/1.0" 403 497 "-" "Mozilla/5.0 (compatible; Googlebot/2.1;  http://www.google.com/bot.html)"
192.3.91.67 - - [12/Apr/2015:07:02:45 +0200] "POST /xmlrpc.php HTTP/1.0" 403 497 "-" "Mozilla/5.0 (compatible; Googlebot/2.1;  http://www.google.com/bot.html)"
192.3.91.67 - - [12/Apr/2015:07:02:45 +0200] "POST /xmlrpc.php HTTP/1.0" 403 497 "-" "Mozilla/5.0 (compatible; Googlebot/2.1;  http://www.google.com/bot.html)"
23.95.35.93 - - [12/Apr/2015:07:02:45 +0200] "POST /xmlrpc.php HTTP/1.0" 403 497 "-" "Mozilla/5.0 (compatible; Googlebot/2.1;  http://www.google.com/bot.html)"
192.3.91.67 - - [12/Apr/2015:07:02:45 +0200] "POST /xmlrpc.php HTTP/1.0" 403 497 "-" "Mozilla/5.0 (compatible; Googlebot/2.1;  http://www.google.com/bot.html)"
23.95.35.93 - - [12/Apr/2015:07:02:45 +0200] "POST /xmlrpc.php HTTP/1.0" 403 497 "-" "Mozilla/5.0 (compatible; Googlebot/2.1;  http://www.google.com/bot.html)"
23.95.35.93 - - [12/Apr/2015:07:02:45 +0200] "POST /xmlrpc.php HTTP/1.0" 403 497 "-" "Mozilla/5.0 (compatible; Googlebot/2.1;  http://www.google.com/bot.html)"
192.3.91.67 - - [12/Apr/2015:07:02:46 +0200] "POST /xmlrpc.php HTTP/1.0" 403 497 "-" "Mozilla/5.0 (compatible; Googlebot/2.1;  http://www.google.com/bot.html)"
192.3.91.67 - - [12/Apr/2015:07:02:46 +0200] "POST /xmlrpc.php HTTP/1.0" 403 497 "-" "Mozilla/5.0 (compatible; Googlebot/2.1;  http://www.google.com/bot.html)"
23.95.35.79 - - [12/Apr/2015:07:02:46 +0200] "POST /xmlrpc.php HTTP/1.0" 403 497 "-" "Mozilla/5.0 (compatible; Googlebot/2.1;  http://www.google.com/bot.html)"
192.3.91.67 - - [12/Apr/2015:07:02:46 +0200] "POST /xmlrpc.php HTTP/1.0" 403 497 "-" "Mozilla/5.0 (compatible; Googlebot/2.1;  http://www.google.com/bot.html)"
23.95.35.79 - - [12/Apr/2015:07:02:46 +0200] "POST /xmlrpc.php HTTP/1.0" 403 497 "-" "Mozilla/5.0 (compatible; Googlebot/2.1;  http://www.google.com/bot.html)"
192.3.91.67 - - [12/Apr/2015:07:02:47 +0200] "POST /xmlrpc.php HTTP/1.0" 403 497 "-" "Mozilla/5.0 (compatible; Googlebot/2.1;  http://www.google.com/bot.html)"
23.95.35.79 - - [12/Apr/2015:07:02:47 +0200] "POST /xmlrpc.php HTTP/1.0" 403 497 "-" "Mozilla/5.0 (compatible; Googlebot/2.1;  http://www.google.com/bot.html)"
192.3.91.67 - - [12/Apr/2015:07:02:48 +0200] "POST /xmlrpc.php HTTP/1.0" 403 497 "-" "Mozilla/5.0 (compatible; Googlebot/2.1;  http://www.google.com/bot.html)"
23.95.35.79 - - [12/Apr/2015:07:02:48 +0200] "POST /xmlrpc.php HTTP/1.0" 403 497 "-" "Mozilla/5.0 (compatible; Googlebot/2.1;  http://www.google.com/bot.html)"
23.95.35.93 - - [12/Apr/2015:07:02:48 +0200] "POST /xmlrpc.php HTTP/1.0" 403 497 "-" "Mozilla/5.0 (compatible; Googlebot/2.1;  http://www.google.com/bot.html)"
23.95.35.79 - - [12/Apr/2015:07:02:48 +0200] "POST /xmlrpc.php HTTP/1.0" 403 497 "-" "Mozilla/5.0 (compatible; Googlebot/2.1;  http://www.google.com/bot.html)"
192.3.91.67 - - [12/Apr/2015:07:02:48 +0200] "POST /xmlrpc.php HTTP/1.0" 403 497 "-" "Mozilla/5.0 (compatible; Googlebot/2.1;  http://www.google.com/bot.html)"
23.95.35.93 - - [12/Apr/2015:07:02:48 +0200] "POST /xmlrpc.php HTTP/1.0" 403 497 "-" "Mozilla/5.0 (compatible; Googlebot/2.1;  http://www.google.com/bot.html)"
23.95.35.93 - - [12/Apr/2015:07:02:48 +0200] "-" 408 0 "-" "-"
23.95.35.93 - - [12/Apr/2015:07:02:49 +0200] "POST /xmlrpc.php HTTP/1.0" 403 497 "-" "Mozilla/5.0 (compatible; Googlebot/2.1;  http://www.google.com/bot.html)"
23.95.35.79 - - [12/Apr/2015:07:02:49 +0200] "POST /xmlrpc.php HTTP/1.0" 403 497 "-" "Mozilla/5.0 (compatible; Googlebot/2.1;  http://www.google.com/bot.html)"
23.95.35.93 - - [12/Apr/2015:07:02:49 +0200] "POST /xmlrpc.php HTTP/1.0" 403 497 "-" "Mozilla/5.0 (compatible; Googlebot/2.1;  http://www.google.com/bot.html)"
192.3.91.67 - - [12/Apr/2015:07:02:49 +0200] "POST /xmlrpc.php HTTP/1.0" 403 497 "-" "Mozilla/5.0 (compatible; Googlebot/2.1;  http://www.google.com/bot.html)"
23.95.35.79 - - [12/Apr/2015:07:02:49 +0200] "POST /xmlrpc.php HTTP/1.0" 403 497 "-" "Mozilla/5.0 (compatible; Googlebot/2.1;  http://www.google.com/bot.html)"
23.95.35.93 - - [12/Apr/2015:07:02:49 +0200] "POST /xmlrpc.php HTTP/1.0" 403 497 "-" "Mozilla/5.0 (compatible; Googlebot/2.1;  http://www.google.com/bot.html)"
192.3.91.67 - - [12/Apr/2015:07:02:49 +0200] "POST /xmlrpc.php HTTP/1.0" 403 497 "-" "Mozilla/5.0 (compatible; Googlebot/2.1;  http://www.google.com/bot.html)"
192.3.91.67 - - [12/Apr/2015:07:02:49 +0200] "POST /xmlrpc.php HTTP/1.0" 403 497 "-" "Mozilla/5.0 (compatible; Googlebot/2.1;  http://www.google.com/bot.html)"
192.3.91.67 - - [12/Apr/2015:07:02:51 +0200] "POST /xmlrpc.php HTTP/1.0" 403 497 "-" "Mozilla/5.0 (compatible; Googlebot/2.1;  http://www.google.com/bot.html)"
192.3.91.67 - - [12/Apr/2015:07:02:52 +0200] "POST /xmlrpc.php HTTP/1.0" 403 497 "-" "Mozilla/5.0 (compatible; Googlebot/2.1;  http://www.google.com/bot.html)"
23.95.35.93 - - [12/Apr/2015:07:02:53 +0200] "POST /xmlrpc.php HTTP/1.0" 403 497 "-" "Mozilla/5.0 (compatible; Googlebot/2.1;  http://www.google.com/bot.html)"
192.3.91.67 - - [12/Apr/2015:07:02:53 +0200] "POST /xmlrpc.php HTTP/1.0" 403 497 "-" "Mozilla/5.0 (compatible; Googlebot/2.1;  http://www.google.com/bot.html)"
192.3.91.67 - - [12/Apr/2015:07:02:53 +0200] "-" 408 0 "-" "-"
23.95.35.93 - - [12/Apr/2015:07:02:53 +0200] "POST /xmlrpc.php HTTP/1.0" 403 497 "-" "Mozilla/5.0 (compatible; Googlebot/2.1;  http://www.google.com/bot.html)"
192.3.91.67 - - [12/Apr/2015:07:02:54 +0200] "POST /xmlrpc.php HTTP/1.0" 403 497 "-" "Mozilla/5.0 (compatible; Googlebot/2.1;  http://www.google.com/bot.html)"
23.95.35.79 - - [12/Apr/2015:07:02:56 +0200] "POST /xmlrpc.php HTTP/1.0" 403 497 "-" "Mozilla/5.0 (compatible; Googlebot/2.1;  http://www.google.com/bot.html)"
195.154.182.117 - - [12/Apr/2015:07:02:56 +0200] "GET /%7Eczajewsw/forum/profile.php?mode=register&sid=f4fd3363d935d94baf9f21b647997058 HTTP/1.0" 200 25566 "http://www.ee.pw.edu.pl/%7Eczajewsw/forum/profile.php?mode=register&sid=f4fd3363d935d94baf9f21b647997058" "Mozilla/5.0 (Windows NT 5.1; rv:33.0) Gecko/20100101 Firefox/33.0"
23.95.35.79 - - [12/Apr/2015:07:02:57 +0200] "POST /xmlrpc.php HTTP/1.0" 403 497 "-" "Mozilla/5.0 (compatible; Googlebot/2.1;  http://www.google.com/bot.html)"
192.3.91.67 - - [12/Apr/2015:07:02:57 +0200] "POST /xmlrpc.php HTTP/1.0" 403 497 "-" "Mozilla/5.0 (compatible; Googlebot/2.1;  http://www.google.com/bot.html)"
195.154.182.117 - - [12/Apr/2015:07:02:57 +0200] "GET /%7Eczajewsw/forum/includes/confirm_register.php?sid=208ac6be65a4cd49d8165420ca7f102f HTTP/1.0" 200 3025 "http://www.ee.pw.edu.pl/%7Eczajewsw/forum/profile.php?mode=register&sid=f4fd3363d935d94baf9f21b647997058" "Mozilla/5.0 (Windows NT 5.1; rv:33.0) Gecko/20100101 Firefox/33.0"
23.95.35.79 - - [12/Apr/2015:07:02:59 +0200] "POST /xmlrpc.php HTTP/1.0" 403 497 "-" "Mozilla/5.0 (compatible; Googlebot/2.1;  http://www.google.com/bot.html)"
192.3.91.67 - - [12/Apr/2015:07:02:59 +0200] "-" 408 0 "-" "-"
23.95.35.79 - - [12/Apr/2015:07:02:59 +0200] "POST /xmlrpc.php HTTP/1.0" 403 497 "-" "Mozilla/5.0 (compatible; Googlebot/2.1;  http://www.google.com/bot.html)"
23.95.35.79 - - [12/Apr/2015:07:02:59 +0200] "POST /xmlrpc.php HTTP/1.0" 403 497 "-" "Mozilla/5.0 (compatible; Googlebot/2.1;  http://www.google.com/bot.html)"
23.95.35.79 - - [12/Apr/2015:07:02:59 +0200] "POST /xmlrpc.php HTTP/1.0" 403 497 "-" "Mozilla/5.0 (compatible; Googlebot/2.1;  http://www.google.com/bot.html)"
23.95.35.93 - - [12/Apr/2015:07:02:59 +0200] "POST /xmlrpc.php HTTP/1.0" 403 497 "-" "Mozilla/5.0 (compatible; Googlebot/2.1;  http://www.google.com/bot.html)"
23.95.35.79 - - [12/Apr/2015:07:02:59 +0200] "POST /xmlrpc.php HTTP/1.0" 403 497 "-" "Mozilla/5.0 (compatible; Googlebot/2.1;  http://www.google.com/bot.html)"
23.95.35.79 - - [12/Apr/2015:07:02:59 +0200] "POST /xmlrpc.php HTTP/1.0" 403 497 "-" "Mozilla/5.0 (compatible; Googlebot/2.1;  http://www.google.com/bot.html)"
23.95.35.79 - - [12/Apr/2015:07:03:00 +0200] "POST /xmlrpc.php HTTP/1.0" 403 497 "-" "Mozilla/5.0 (compatible; Googlebot/2.1;  http://www.google.com/bot.html)"
192.3.91.67 - - [12/Apr/2015:07:03:00 +0200] "POST /xmlrpc.php HTTP/1.0" 403 497 "-" "Mozilla/5.0 (compatible; Googlebot/2.1;  http://www.google.com/bot.html)"
23.95.35.79 - - [12/Apr/2015:07:03:00 +0200] "POST /xmlrpc.php HTTP/1.0" 403 497 "-" "Mozilla/5.0 (compatible; Googlebot/2.1;  http://www.google.com/bot.html)"
23.95.35.79 - - [12/Apr/2015:07:03:00 +0200] "POST /xmlrpc.php HTTP/1.0" 403 497 "-" "Mozilla/5.0 (compatible; Googlebot/2.1;  http://www.google.com/bot.html)"
23.95.35.93 - - [12/Apr/2015:07:03:00 +0200] "POST /xmlrpc.php HTTP/1.0" 403 497 "-" "Mozilla/5.0 (compatible; Googlebot/2.1;  http://www.google.com/bot.html)"
66.249.78.82 - - [12/Apr/2015:07:02:59 +0200] "GET /search/enne/pliki/wlan/cacert.der/www.pw.edu.pl/studia/anglojezyczne/www.cwm.pw.edu.pl/students/www.pw.edu.pl/studia/anglojezyczne/eng_lang_stud.html/polityka-prywatnosci/page/5/polityka-prywatnosci/page/4/szukaj HTTP/1.1" 200 10715 "-" "Mozilla/5.0 (compatible; Googlebot/2.1; +http://www.google.com/bot.html)"
192.3.91.67 - - [12/Apr/2015:07:03:01 +0200] "POST /xmlrpc.php HTTP/1.0" 403 497 "-" "Mozilla/5.0 (compatible; Googlebot/2.1;  http://www.google.com/bot.html)"
192.3.91.67 - - [12/Apr/2015:07:03:02 +0200] "POST /xmlrpc.php HTTP/1.0" 403 497 "-" "Mozilla/5.0 (compatible; Googlebot/2.1;  http://www.google.com/bot.html)"
192.3.91.67 - - [12/Apr/2015:07:03:02 +0200] "POST /xmlrpc.php HTTP/1.0" 403 497 "-" "Mozilla/5.0 (compatible; Googlebot/2.1;  http://www.google.com/bot.html)"
207.46.13.146 - - [12/Apr/2015:07:03:01 +0200] "GET /%7Eczajewsw/forum/viewtopic.php?p=465 HTTP/1.1" 200 9578 "-" "Mozilla/5.0 (compatible; bingbot/2.0; +http://www.bing.com/bingbot.htm)"
192.3.91.67 - - [12/Apr/2015:07:03:02 +0200] "POST /xmlrpc.php HTTP/1.0" 403 497 "-" "Mozilla/5.0 (compatible; Googlebot/2.1;  http://www.google.com/bot.html)"
23.95.35.93 - - [12/Apr/2015:07:03:02 +0200] "POST /xmlrpc.php HTTP/1.0" 403 497 "-" "Mozilla/5.0 (compatible; Googlebot/2.1;  http://www.google.com/bot.html)"
23.95.35.79 - - [12/Apr/2015:07:03:02 +0200] "POST /xmlrpc.php HTTP/1.0" 403 497 "-" "Mozilla/5.0 (compatible; Googlebot/2.1;  http://www.google.com/bot.html)"
23.95.35.93 - - [12/Apr/2015:07:03:03 +0200] "POST /xmlrpc.php HTTP/1.0" 403 497 "-" "Mozilla/5.0 (compatible; Googlebot/2.1;  http://www.google.com/bot.html)"
23.95.35.79 - - [12/Apr/2015:07:03:03 +0200] "POST /xmlrpc.php HTTP/1.0" 403 497 "-" "Mozilla/5.0 (compatible; Googlebot/2.1;  http://www.google.com/bot.html)"
23.95.35.93 - - [12/Apr/2015:07:03:03 +0200] "POST /xmlrpc.php HTTP/1.0" 403 497 "-" "Mozilla/5.0 (compatible; Googlebot/2.1;  http://www.google.com/bot.html)"
192.3.91.67 - - [12/Apr/2015:07:03:03 +0200] "POST /xmlrpc.php HTTP/1.0" 403 497 "-" "Mozilla/5.0 (compatible; Googlebot/2.1;  http://www.google.com/bot.html)"
195.154.182.117 - - [12/Apr/2015:07:03:02 +0200] "POST /%7Eczajewsw/forum/profile.php?sid=208ac6be65a4cd49d8165420ca7f102f HTTP/1.0" 200 25378 "http://www.ee.pw.edu.pl/%7Eczajewsw/forum/profile.php?mode=register&sid=f4fd3363d935d94baf9f21b647997058" "Mozilla/5.0 (Windows NT 5.1; rv:33.0) Gecko/20100101 Firefox/33.0"
23.95.35.79 - - [12/Apr/2015:07:03:03 +0200] "POST /xmlrpc.php HTTP/1.0" 403 497 "-" "Mozilla/5.0 (compatible; Googlebot/2.1;  http://www.google.com/bot.html)"
23.95.35.93 - - [12/Apr/2015:07:03:03 +0200] "POST /xmlrpc.php HTTP/1.0" 403 497 "-" "Mozilla/5.0 (compatible; Googlebot/2.1;  http://www.google.com/bot.html)"
23.95.35.79 - - [12/Apr/2015:07:03:03 +0200] "POST /xmlrpc.php HTTP/1.0" 403 497 "-" "Mozilla/5.0 (compatible; Googlebot/2.1;  http://www.google.com/bot.html)"
23.95.35.93 - - [12/Apr/2015:07:03:03 +0200] "POST /xmlrpc.php HTTP/1.0" 403 497 "-" "Mozilla/5.0 (compatible; Googlebot/2.1;  http://www.google.com/bot.html)"
23.95.35.79 - - [12/Apr/2015:07:03:03 +0200] "POST /xmlrpc.php HTTP/1.0" 403 497 "-" "Mozilla/5.0 (compatible; Googlebot/2.1;  http://www.google.com/bot.html)"
195.154.182.117 - - [12/Apr/2015:07:03:03 +0200] "GET /%7Eczajewsw/forum/login.php HTTP/1.0" 200 8689 "http://www.ee.pw.edu.pl/login.php" "Mozilla/5.0 (Windows NT 5.1; rv:33.0) Gecko/20100101 Firefox/33.0"
195.154.182.117 - - [12/Apr/2015:07:03:04 +0200] "POST /%7Eczajewsw/forum/login.php HTTP/1.0" 200 8052 "http://www.ee.pw.edu.pl/%7Eczajewsw/forum/login.php" "Mozilla/5.0 (Windows NT 5.1; rv:33.0) Gecko/20100101 Firefox/33.0"
192.3.91.67 - - [12/Apr/2015:07:03:06 +0200] "POST /xmlrpc.php HTTP/1.0" 403 497 "-" "Mozilla/5.0 (compatible; Googlebot/2.1;  http://www.google.com/bot.html)"
195.154.182.117 - - [12/Apr/2015:07:03:05 +0200] "GET /%7Eczajewsw/forum/profile.php?mode=register&sid=f4fd3363d935d94baf9f21b647997058 HTTP/1.0" 200 24822 "http://www.ee.pw.edu.pl/%7Eczajewsw/forum/profile.php?mode=register&sid=f4fd3363d935d94baf9f21b647997058" "Mozilla/5.0 (Windows NT 5.1; rv:33.0) Gecko/20100101 Firefox/33.0"
23.95.35.93 - - [12/Apr/2015:07:03:06 +0200] "POST /xmlrpc.php HTTP/1.0" 403 497 "-" "Mozilla/5.0 (compatible; Googlebot/2.1;  http://www.google.com/bot.html)"
23.95.35.79 - - [12/Apr/2015:07:03:07 +0200] "POST /xmlrpc.php HTTP/1.0" 403 497 "-" "Mozilla/5.0 (compatible; Googlebot/2.1;  http://www.google.com/bot.html)"
23.95.35.93 - - [12/Apr/2015:07:03:07 +0200] "POST /xmlrpc.php HTTP/1.0" 403 497 "-" "Mozilla/5.0 (compatible; Googlebot/2.1;  http://www.google.com/bot.html)"
195.154.182.117 - - [12/Apr/2015:07:03:06 +0200] "GET /%7Eczajewsw/forum/index.php HTTP/1.0" 200 43253 "http://www.ee.pw.edu.pl/%7Eczajewsw/forum/index.php" "Mozilla/5.0 (Windows NT 5.1; rv:33.0) Gecko/20100101 Firefox/33.0"
23.95.35.93 - - [12/Apr/2015:07:03:09 +0200] "POST /xmlrpc.php HTTP/1.0" 403 497 "-" "Mozilla/5.0 (compatible; Googlebot/2.1;  http://www.google.com/bot.html)"
192.3.91.67 - - [12/Apr/2015:07:03:09 +0200] "POST /xmlrpc.php HTTP/1.0" 403 497 "-" "Mozilla/5.0 (compatible; Googlebot/2.1;  http://www.google.com/bot.html)"
192.3.91.67 - - [12/Apr/2015:07:03:09 +0200] "POST /xmlrpc.php HTTP/1.0" 403 497 "-" "Mozilla/5.0 (compatible; Googlebot/2.1;  http://www.google.com/bot.html)"
192.3.91.67 - - [12/Apr/2015:07:03:09 +0200] "POST /xmlrpc.php HTTP/1.0" 403 497 "-" "Mozilla/5.0 (compatible; Googlebot/2.1;  http://www.google.com/bot.html)"
192.3.91.67 - - [12/Apr/2015:07:03:09 +0200] "POST /xmlrpc.php HTTP/1.0" 403 497 "-" "Mozilla/5.0 (compatible; Googlebot/2.1;  http://www.google.com/bot.html)"
23.95.35.93 - - [12/Apr/2015:07:03:10 +0200] "POST /xmlrpc.php HTTP/1.0" 403 497 "-" "Mozilla/5.0 (compatible; Googlebot/2.1;  http://www.google.com/bot.html)"
23.95.35.93 - - [12/Apr/2015:07:03:10 +0200] "POST /xmlrpc.php HTTP/1.0" 403 497 "-" "Mozilla/5.0 (compatible; Googlebot/2.1;  http://www.google.com/bot.html)"
23.95.35.79 - - [12/Apr/2015:07:03:10 +0200] "POST /xmlrpc.php HTTP/1.0" 403 497 "-" "Mozilla/5.0 (compatible; Googlebot/2.1;  http://www.google.com/bot.html)"
66.249.78.89 - - [12/Apr/2015:07:03:11 +0200] "GET /search/plfunction.require/www.pw.edu.pl/studia/anglojezyczne/www.cwm.pw.edu.pl/students/www.pw.edu.pl/studia/anglojezyczne/eng_lang_stud.html/page/7/en/szukaj/page/6/szukaj HTTP/1.1" 200 10591 "-" "Mozilla/5.0 (compatible; Googlebot/2.1; +http://www.google.com/bot.html)"
192.3.91.67 - - [12/Apr/2015:07:03:13 +0200] "POST /xmlrpc.php HTTP/1.0" 403 497 "-" "Mozilla/5.0 (compatible; Googlebot/2.1;  http://www.google.com/bot.html)"
192.3.91.67 - - [12/Apr/2015:07:03:13 +0200] "POST /xmlrpc.php HTTP/1.0" 403 497 "-" "Mozilla/5.0 (compatible; Googlebot/2.1;  http://www.google.com/bot.html)"
192.3.91.67 - - [12/Apr/2015:07:03:13 +0200] "POST /xmlrpc.php HTTP/1.0" 403 497 "-" "Mozilla/5.0 (compatible; Googlebot/2.1;  http://www.google.com/bot.html)"
23.95.35.79 - - [12/Apr/2015:07:03:14 +0200] "POST /xmlrpc.php HTTP/1.0" 403 497 "-" "Mozilla/5.0 (compatible; Googlebot/2.1;  http://www.google.com/bot.html)"
192.3.91.67 - - [12/Apr/2015:07:03:14 +0200] "POST /xmlrpc.php HTTP/1.0" 403 497 "-" "Mozilla/5.0 (compatible; Googlebot/2.1;  http://www.google.com/bot.html)"
23.95.35.93 - - [12/Apr/2015:07:03:14 +0200] "POST /xmlrpc.php HTTP/1.0" 403 497 "-" "Mozilla/5.0 (compatible; Googlebot/2.1;  http://www.google.com/bot.html)"
23.95.35.93 - - [12/Apr/2015:07:03:14 +0200] "POST /xmlrpc.php HTTP/1.0" 403 497 "-" "Mozilla/5.0 (compatible; Googlebot/2.1;  http://www.google.com/bot.html)"
23.95.35.93 - - [12/Apr/2015:07:03:14 +0200] "POST /xmlrpc.php HTTP/1.0" 403 497 "-" "Mozilla/5.0 (compatible; Googlebot/2.1;  http://www.google.com/bot.html)"
23.95.35.79 - - [12/Apr/2015:07:03:15 +0200] "POST /xmlrpc.php HTTP/1.0" 403 497 "-" "Mozilla/5.0 (compatible; Googlebot/2.1;  http://www.google.com/bot.html)"
192.3.91.67 - - [12/Apr/2015:07:03:15 +0200] "POST /xmlrpc.php HTTP/1.0" 403 497 "-" "Mozilla/5.0 (compatible; Googlebot/2.1;  http://www.google.com/bot.html)"
192.3.91.67 - - [12/Apr/2015:07:03:15 +0200] "POST /xmlrpc.php HTTP/1.0" 403 497 "-" "Mozilla/5.0 (compatible; Googlebot/2.1;  http://www.google.com/bot.html)"
23.95.35.79 - - [12/Apr/2015:07:03:16 +0200] "POST /xmlrpc.php HTTP/1.0" 403 497 "-" "Mozilla/5.0 (compatible; Googlebot/2.1;  http://www.google.com/bot.html)"
23.95.35.79 - - [12/Apr/2015:07:03:16 +0200] "POST /xmlrpc.php HTTP/1.0" 403 497 "-" "Mozilla/5.0 (compatible; Googlebot/2.1;  http://www.google.com/bot.html)"
192.3.91.67 - - [12/Apr/2015:07:03:17 +0200] "POST /xmlrpc.php HTTP/1.0" 403 497 "-" "Mozilla/5.0 (compatible; Googlebot/2.1;  http://www.google.com/bot.html)"
192.3.91.67 - - [12/Apr/2015:07:03:17 +0200] "POST /xmlrpc.php HTTP/1.0" 403 497 "-" "Mozilla/5.0 (compatible; Googlebot/2.1;  http://www.google.com/bot.html)"
192.3.91.67 - - [12/Apr/2015:07:03:17 +0200] "POST /xmlrpc.php HTTP/1.0" 403 497 "-" "Mozilla/5.0 (compatible; Googlebot/2.1;  http://www.google.com/bot.html)"
192.3.91.67 - - [12/Apr/2015:07:03:17 +0200] "POST /xmlrpc.php HTTP/1.0" 403 497 "-" "Mozilla/5.0 (compatible; Googlebot/2.1;  http://www.google.com/bot.html)"
192.3.91.67 - - [12/Apr/2015:07:03:18 +0200] "POST /xmlrpc.php HTTP/1.0" 403 497 "-" "Mozilla/5.0 (compatible; Googlebot/2.1;  http://www.google.com/bot.html)"
192.3.91.67 - - [12/Apr/2015:07:03:18 +0200] "POST /xmlrpc.php HTTP/1.0" 403 497 "-" "Mozilla/5.0 (compatible; Googlebot/2.1;  http://www.google.com/bot.html)"
192.3.91.67 - - [12/Apr/2015:07:03:18 +0200] "POST /xmlrpc.php HTTP/1.0" 403 497 "-" "Mozilla/5.0 (compatible; Googlebot/2.1;  http://www.google.com/bot.html)"
192.3.91.67 - - [12/Apr/2015:07:03:18 +0200] "POST /xmlrpc.php HTTP/1.0" 403 497 "-" "Mozilla/5.0 (compatible; Googlebot/2.1;  http://www.google.com/bot.html)"
23.95.35.79 - - [12/Apr/2015:07:03:19 +0200] "-" 408 0 "-" "-"
23.95.35.93 - - [12/Apr/2015:07:03:19 +0200] "POST /xmlrpc.php HTTP/1.0" 403 497 "-" "Mozilla/5.0 (compatible; Googlebot/2.1;  http://www.google.com/bot.html)"
192.3.91.67 - - [12/Apr/2015:07:03:19 +0200] "-" 408 0 "-" "-"
66.249.78.75 - - [12/Apr/2015:07:03:18 +0200] "GET /search/plfunction.require/www.pw.edu.pl/studia/anglojezyczne/www.cwm.pw.edu.pl/students/www.pw.edu.pl/studia/anglojezyczne/eng_lang_stud.html/page/7/polityka-prywatnosci/szukaj/szukaj/page/2/polityka-prywatnosci/feed/rss2/ HTTP/1.1" 200 15766 "-" "Mozilla/5.0 (compatible; Googlebot/2.1; +http://www.google.com/bot.html)"
23.95.35.79 - - [12/Apr/2015:07:03:19 +0200] "POST /xmlrpc.php HTTP/1.0" 403 497 "-" "Mozilla/5.0 (compatible; Googlebot/2.1;  http://www.google.com/bot.html)"
23.95.35.79 - - [12/Apr/2015:07:03:20 +0200] "POST /xmlrpc.php HTTP/1.0" 403 497 "-" "Mozilla/5.0 (compatible; Googlebot/2.1;  http://www.google.com/bot.html)"
192.3.91.67 - - [12/Apr/2015:07:03:20 +0200] "POST /xmlrpc.php HTTP/1.0" 403 497 "-" "Mozilla/5.0 (compatible; Googlebot/2.1;  http://www.google.com/bot.html)"
23.95.35.93 - - [12/Apr/2015:07:03:21 +0200] "POST /xmlrpc.php HTTP/1.0" 403 497 "-" "Mozilla/5.0 (compatible; Googlebot/2.1;  http://www.google.com/bot.html)"
36.99.31.47 - - [12/Apr/2015:07:03:21 +0200] "GET /~pileckip/aix/alog.htm HTTP/1.1" 200 1393 "http://www.ee.pw.edu.pl/~pileckip/aix/alog.htm" "Mozilla/5.0 (Linux; U; Android 4.0.2; en-us; Galaxy Nexus Build/ICL53F) AppleWebKit/534.30 (KHTML, like Gecko) Version/4.0 Mobile Safari/534.30"
192.3.91.67 - - [12/Apr/2015:07:03:21 +0200] "POST /xmlrpc.php HTTP/1.0" 403 497 "-" "Mozilla/5.0 (compatible; Googlebot/2.1;  http://www.google.com/bot.html)"
192.3.91.67 - - [12/Apr/2015:07:03:22 +0200] "POST /xmlrpc.php HTTP/1.0" 403 497 "-" "Mozilla/5.0 (compatible; Googlebot/2.1;  http://www.google.com/bot.html)"
192.3.91.67 - - [12/Apr/2015:07:03:22 +0200] "POST /xmlrpc.php HTTP/1.0" 403 497 "-" "Mozilla/5.0 (compatible; Googlebot/2.1;  http://www.google.com/bot.html)"
192.3.91.67 - - [12/Apr/2015:07:03:22 +0200] "POST /xmlrpc.php HTTP/1.0" 403 497 "-" "Mozilla/5.0 (compatible; Googlebot/2.1;  http://www.google.com/bot.html)"
192.3.91.67 - - [12/Apr/2015:07:03:22 +0200] "POST /xmlrpc.php HTTP/1.0" 403 497 "-" "Mozilla/5.0 (compatible; Googlebot/2.1;  http://www.google.com/bot.html)"
23.95.35.93 - - [12/Apr/2015:07:03:22 +0200] "POST /xmlrpc.php HTTP/1.0" 403 497 "-" "Mozilla/5.0 (compatible; Googlebot/2.1;  http://www.google.com/bot.html)"
23.95.35.93 - - [12/Apr/2015:07:03:23 +0200] "POST /xmlrpc.php HTTP/1.0" 403 497 "-" "Mozilla/5.0 (compatible; Googlebot/2.1;  http://www.google.com/bot.html)"
23.95.35.79 - - [12/Apr/2015:07:03:23 +0200] "POST /xmlrpc.php HTTP/1.0" 403 497 "-" "Mozilla/5.0 (compatible; Googlebot/2.1;  http://www.google.com/bot.html)"
192.3.91.67 - - [12/Apr/2015:07:03:23 +0200] "POST /xmlrpc.php HTTP/1.0" 403 497 "-" "Mozilla/5.0 (compatible; Googlebot/2.1;  http://www.google.com/bot.html)"
